Component: ARM Compiler 5.06 update 2 (build 183) Tool: armlink [4d35b7]

==============================================================================

Section Cross References

    main.o(i.main) refers to misc.o(i.NVIC_PriorityGroupConfig) for NVIC_PriorityGroupConfig
    main.o(i.main) refers to common.o(i.all_init) for all_init
    main.o(i.main) refers to rt_cmsis.o(i.osKernelInitialize) for osKernelInitialize
    main.o(i.main) refers to rt_cmsis.o(i.osKernelRunning) for osKernelRunning
    main.o(i.main) refers to rt_cmsis.o(i.osThreadCreate) for osThreadCreate
    main.o(i.main) refers to rt_cmsis.o(i.osKernelStart) for osKernelStart
    main.o(i.main) refers to main.o(.constdata) for os_thread_def_bg_task
    main.o(.constdata) refers to encode.o(i.read_encoder_task) for read_encoder_task
    main.o(.constdata) refers to exti.o(i.copy_task) for copy_task
    main.o(.constdata) refers to exti.o(i.tcp_send_task) for tcp_send_task
    main.o(.constdata) refers to exti.o(i.electric_task) for electric_task
    main.o(.constdata) refers to lcmtask.o(i.lcm_task) for lcm_task
    main.o(.constdata) refers to backgrouptask.o(i.bg_task) for bg_task
    main.o(.constdata) refers to tcptask.o(i.tcp_recv_task) for tcp_recv_task
    main.o(.constdata) refers to tcptask.o(i.lora_send_task) for lora_send_task
    main.o(.constdata) refers to rs232task.o(i.rs232_recv_task) for rs232_recv_task
    main.o(.constdata) refers to rs232task.o(i.rs232_send_task) for rs232_send_task
    main.o(.constdata) refers to dev485task.o(i.dev485_recv_task) for dev485_recv_task
    main.o(.constdata) refers to dev485task.o(i.dev485_send_task) for dev485_send_task
    backgrouptask.o(i.bg_task) refers to rt_cmsis.o(i.osThreadGetId) for osThreadGetId
    backgrouptask.o(i.bg_task) refers to rt_cmsis.o(i.osDelay) for osDelay
    backgrouptask.o(i.bg_task) refers to stm32f10x_iwdg.o(i.IWDG_ReloadCounter) for IWDG_ReloadCounter
    backgrouptask.o(i.bg_task) refers to main.o(.bss) for gateway_dev
    common.o(i.Adc_Init1) refers to stm32f10x_rcc.o(i.RCC_APB2PeriphClockCmd) for RCC_APB2PeriphClockCmd
    common.o(i.Adc_Init1) refers to stm32f10x_rcc.o(i.RCC_ADCCLKConfig) for RCC_ADCCLKConfig
    common.o(i.Adc_Init1) refers to stm32f10x_gpio.o(i.GPIO_Init) for GPIO_Init
    common.o(i.Adc_Init1) refers to stm32f10x_adc.o(i.ADC_DeInit) for ADC_DeInit
    common.o(i.Adc_Init1) refers to stm32f10x_adc.o(i.ADC_Init) for ADC_Init
    common.o(i.Adc_Init1) refers to stm32f10x_adc.o(i.ADC_Cmd) for ADC_Cmd
    common.o(i.Adc_Init1) refers to stm32f10x_adc.o(i.ADC_ResetCalibration) for ADC_ResetCalibration
    common.o(i.Adc_Init1) refers to stm32f10x_adc.o(i.ADC_GetResetCalibrationStatus) for ADC_GetResetCalibrationStatus
    common.o(i.Adc_Init1) refers to stm32f10x_adc.o(i.ADC_StartCalibration) for ADC_StartCalibration
    common.o(i.Adc_Init1) refers to stm32f10x_adc.o(i.ADC_GetCalibrationStatus) for ADC_GetCalibrationStatus
    common.o(i.BSP_IWDG_Init) refers to stm32f10x_rcc.o(i.RCC_LSICmd) for RCC_LSICmd
    common.o(i.BSP_IWDG_Init) refers to stm32f10x_iwdg.o(i.IWDG_WriteAccessCmd) for IWDG_WriteAccessCmd
    common.o(i.BSP_IWDG_Init) refers to stm32f10x_iwdg.o(i.IWDG_SetPrescaler) for IWDG_SetPrescaler
    common.o(i.BSP_IWDG_Init) refers to stm32f10x_iwdg.o(i.IWDG_SetReload) for IWDG_SetReload
    common.o(i.BSP_IWDG_Init) refers to stm32f10x_iwdg.o(i.IWDG_Enable) for IWDG_Enable
    common.o(i.Get_Adc1) refers to stm32f10x_adc.o(i.ADC_RegularChannelConfig) for ADC_RegularChannelConfig
    common.o(i.Get_Adc1) refers to stm32f10x_adc.o(i.ADC_SoftwareStartConvCmd) for ADC_SoftwareStartConvCmd
    common.o(i.Get_Adc1) refers to stm32f10x_adc.o(i.ADC_GetFlagStatus) for ADC_GetFlagStatus
    common.o(i.Get_Adc1) refers to stm32f10x_adc.o(i.ADC_GetConversionValue) for ADC_GetConversionValue
    common.o(i.Get_Adc_Average1) refers to common.o(i.Get_Adc1) for Get_Adc1
    common.o(i.Get_Adc_Average1) refers to rt_cmsis.o(i.osDelay) for osDelay
    common.o(i.LED_init) refers to gpio_stm32f10x.o(i.GPIO_PortClock) for GPIO_PortClock
    common.o(i.LED_init) refers to gpio_stm32f10x.o(i.GPIO_PinConfigure) for GPIO_PinConfigure
    common.o(i.all_init) refers to stm32f10x_flash.o(i.FLASH_Unlock) for FLASH_Unlock
    common.o(i.all_init) refers to stm32f10x_flash.o(i.FLASH_ClearFlag) for FLASH_ClearFlag
    common.o(i.all_init) refers to common.o(i.module_set_init) for module_set_init
    common.o(i.all_init) refers to dev485task.o(i.read_module_userset) for read_module_userset
    common.o(i.all_init) refers to common.o(i.BSP_IWDG_Init) for BSP_IWDG_Init
    common.o(i.all_init) refers to exti.o(i.IO_init) for IO_init
    common.o(i.all_init) refers to dac.o(i.Dac1_Init) for Dac1_Init
    common.o(i.all_init) refers to dac.o(i.Dac1_Set_Vol) for Dac1_Set_Vol
    common.o(i.all_init) refers to exti.o(i.EXTI_init) for EXTI_init
    common.o(i.all_init) refers to adctest.o(i.Adc_GPIO_Init) for Adc_GPIO_Init
[...]
    rt_tsk_self                              0x08008941   Thumb Code    12  rt_task.o(i.rt_tsk_self)
    set_number                               0x08008951   Thumb Code    98  lcmtask.o(i.set_number)
    svcDelay                                 0x080089b3   Thumb Code    20  rt_cmsis.o(i.svcDelay)
    svcKernelInitialize                      0x080089c9   Thumb Code    78  rt_cmsis.o(i.svcKernelInitialize)
    svcKernelRunning                         0x08008a39   Thumb Code     6  rt_cmsis.o(i.svcKernelRunning)
    svcKernelStart                           0x08008a45   Thumb Code    46  rt_cmsis.o(i.svcKernelStart)
    svcMessageCreate                         0x08008a7d   Thumb Code    36  rt_cmsis.o(i.svcMessageCreate)
    svcMessageGet                            0x08008aa1   Thumb Code    58  rt_cmsis.o(i.svcMessageGet)
    svcMessagePut                            0x08008adb   Thumb Code    54  rt_cmsis.o(i.svcMessagePut)
    svcMutexCreate                           0x08008b11   Thumb Code    28  rt_cmsis.o(i.svcMutexCreate)
    svcMutexDelete                           0x08008b2d   Thumb Code    26  rt_cmsis.o(i.svcMutexDelete)
    svcMutexRelease                          0x08008b47   Thumb Code    34  rt_cmsis.o(i.svcMutexRelease)
    svcMutexWait                             0x08008b69   Thumb Code    54  rt_cmsis.o(i.svcMutexWait)
    svcSemaphoreCreate                       0x08008b9f   Thumb Code    36  rt_cmsis.o(i.svcSemaphoreCreate)
    svcSemaphoreDelete                       0x08008bc3   Thumb Code    26  rt_cmsis.o(i.svcSemaphoreDelete)
    svcSignalClear                           0x08008bdd   Thumb Code    36  rt_cmsis.o(i.svcSignalClear)
    svcSignalSet                             0x08008c01   Thumb Code    36  rt_cmsis.o(i.svcSignalSet)
    svcSignalWait                            0x08008c25   Thumb Code    80  rt_cmsis.o(i.svcSignalWait)
    svcThreadCreate                          0x08008c79   Thumb Code   100  rt_cmsis.o(i.svcThreadCreate)
    svcThreadGetId                           0x08008ce9   Thumb Code    22  rt_cmsis.o(i.svcThreadGetId)
    svcThreadTerminate                       0x08008d05   Thumb Code    50  rt_cmsis.o(i.svcThreadTerminate)
    svcTimerCall                             0x08008d3d   Thumb Code    24  rt_cmsis.o(i.svcTimerCall)
    sysTimerTick                             0x08008d55   Thumb Code    76  rt_cmsis.o(i.sysTimerTick)
    tcp_recv_task                            0x08008da9   Thumb Code   516  tcptask.o(i.tcp_recv_task)
    tcp_send_task                            0x08008ff1   Thumb Code   318  exti.o(i.tcp_send_task)
    transfer_command_lcd                     0x08009155   Thumb Code    72  jlx12864g.o(i.transfer_command_lcd)
    transfer_data_lcd                        0x080091a5   Thumb Code    72  jlx12864g.o(i.transfer_data_lcd)
    _get_lc_numeric                          0x080091f5   Thumb Code    44  lc_numeric_c.o(locale$$code)
    __fpl_dretinf                            0x08009221   Thumb Code    12  dretinf.o(x$fpl$dretinf)
    __aeabi_f2d                              0x0800922d   Thumb Code     0  f2d.o(x$fpl$f2d)
    _f2d                                     0x0800922d   Thumb Code    86  f2d.o(x$fpl$f2d)
    __aeabi_fdiv                             0x08009285   Thumb Code     0  fdiv.o(x$fpl$fdiv)
    _fdiv                                    0x08009285   Thumb Code   384  fdiv.o(x$fpl$fdiv)
    __aeabi_f2iz                             0x08009409   Thumb Code     0  ffix.o(x$fpl$ffix)
    _ffix                                    0x08009409   Thumb Code    54  ffix.o(x$fpl$ffix)
    __aeabi_f2uiz                            0x08009441   Thumb Code     0  ffixu.o(x$fpl$ffixu)
    _ffixu                                   0x08009441   Thumb Code    62  ffixu.o(x$fpl$ffixu)
    __aeabi_i2f                              0x08009481   Thumb Code     0  fflt_clz.o(x$fpl$fflt)
    _fflt                                    0x08009481   Thumb Code    48  fflt_clz.o(x$fpl$fflt)
    __aeabi_fmul                             0x080094b1   Thumb Code     0  fmul.o(x$fpl$fmul)
    _fmul                                    0x080094b1   Thumb Code   258  fmul.o(x$fpl$fmul)
    __fpl_fnaninf                            0x080095b3   Thumb Code   140  fnaninf.o(x$fpl$fnaninf)
    __fpl_fretinf                            0x0800963f   Thumb Code    10  fretinf.o(x$fpl$fretinf)
    _printf_fp_dec                           0x08009649   Thumb Code     4  printf1.o(x$fpl$printf1)
    __I$use$fp                               0x0800964c   Number         0  usenofp.o(x$fpl$usenofp)
    os_thread_def_read_encoder_task          0x0800964c   Data          16  main.o(.constdata)
    os_thread_def_copy_task                  0x0800965c   Data          16  main.o(.constdata)
    os_thread_def_tcp_send_task              0x0800966c   Data          16  main.o(.constdata)
    os_thread_def_electric_task              0x0800967c   Data          16  main.o(.constdata)
    os_thread_def_lcm_task                   0x0800968c   Data          16  main.o(.constdata)
    os_thread_def_bg_task                    0x0800969c   Data          16  main.o(.constdata)
    os_thread_def_tcp_recv_task              0x080096ac   Data          16  main.o(.constdata)
    os_thread_def_lora_send_task             0x080096bc   Data          16  main.o(.constdata)
    os_thread_def_rs232_recv_task            0x080096cc   Data          16  main.o(.constdata)
    os_thread_def_rs232_send_task            0x080096dc   Data          16  main.o(.constdata)
    os_thread_def_dev485_recv_task           0x080096ec   Data          16  main.o(.constdata)
    os_thread_def_dev485_send_task           0x080096fc   Data          16  main.o(.constdata)
    os_messageQ_def_dev485_recv_msg          0x0800970c   Data           8  dev485task.o(.constdata)
    os_messageQ_def_serv_recvat_msg          0x08009714   Data           8  dev485task.o(.constdata)
    os_messageQ_def_dev485_send_msg          0x0800971c   Data           8  dev485task.o(.constdata)
    os_messageQ_def_rs232_recv_msg           0x0800992c   Data           8  rs232task.o(.constdata)
    os_messageQ_def_rs232_send_msg           0x08009934   Data           8  rs232task.o(.constdata)
    os_messageQ_def_tcp_recv_msg             0x0800993c   Data           8  tcptask.o(.constdata)
    os_messageQ_def_tcp_send_msg             0x08009944   Data           8  tcptask.o(.constdata)
    os_maxtaskrun                            0x0800994c   Data           2  rtx_conf_cm.o(.constdata)
    os_stackinfo                             0x08009950   Data           4  rtx_conf_cm.o(.constdata)
    os_rrobin                                0x08009954   Data           4  rtx_conf_cm.o(.constdata)
    os_tickfreq                              0x08009958   Data           4  rtx_conf_cm.o(.constdata)
    os_tickus_i                              0x0800995c   Data           2  rtx_conf_cm.o(.constdata)
    os_tickus_f                              0x0800995e   Data           2  rtx_conf_cm.o(.constdata)
    os_trv                                   0x08009960   Data           4  rtx_conf_cm.o(.constdata)
    os_flags                                 0x08009964   Data           1  rtx_conf_cm.o(.constdata)
    CMSIS_RTOS_API_Version                   0x08009968   Data           4  rtx_conf_cm.o(.constdata)
    CMSIS_RTOS_RTX_Version                   0x0800996c   Data           4  rtx_conf_cm.o(.constdata)
    os_clockrate                             0x08009970   Data           4  rtx_conf_cm.o(.constdata)
    os_timernum                              0x08009974   Data           4  rtx_conf_cm.o(.constdata)
    mp_tcb_size                              0x08009978   Data           2  rtx_conf_cm.o(.constdata)
    mp_stk_size                              0x0800997c   Data           4  rtx_conf_cm.o(.constdata)
    os_stack_sz                              0x08009980   Data           4  rtx_conf_cm.o(.constdata)
    os_fifo_size                             0x08009984   Data           1  rtx_conf_cm.o(.constdata)
    os_thread_def_osTimerThread              0x08009988   Data          16  rtx_conf_cm.o(.constdata)
    os_messageQ_def_osTimerMessageQ          0x08009998   Data           8  rtx_conf_cm.o(.constdata)
    mp_tmr_size                              0x080099a0   Data           2  rtx_conf_cm.o(.constdata)
    os_semaphore_def_UART1_Semaphore         0x080099b4   Data           4  uart_stm32f10x.o(.constdata)
    os_mutex_def_UART1_Mutex_write           0x080099b8   Data           4  uart_stm32f10x.o(.constdata)
    os_mutex_def_UART1_Mutex_read            0x080099bc   Data           4  uart_stm32f10x.o(.constdata)
    os_semaphore_def_USART3_Semaphore        0x08009a3c   Data           4  uart_stm32f10x.o(.constdata)
    os_mutex_def_USART3_Mutex_write          0x08009a40   Data           4  uart_stm32f10x.o(.constdata)
    os_mutex_def_USART3_Mutex_read           0x08009a44   Data           4  uart_stm32f10x.o(.constdata)
    Driver_UART1                             0x08009ab8   Data          76  uart_stm32f10x.o(.constdata)
    Driver_UART3                             0x08009b04   Data          76  uart_stm32f10x.o(.constdata)
    Region$$Table$$Base                      0x08009ce0   Number         0  anon$$obj.o(Region$$Table)
    Region$$Table$$Limit                     0x08009d00   Number         0  anon$$obj.o(Region$$Table)
    currentCount                             0x68000000   Data           4  encode.o(.data)
    Init_Success                             0x68000004   Data           1  encode.o(.data)
    copy_task_id                             0x68000008   Data           4  exti.o(.data)
    test_count                               0x6800000c   Data           2  exti.o(.data)
    electric_flag                            0x6800000e   Data           1  exti.o(.data)
    electric_flag_temp                       0x6800000f   Data           4  exti.o(.data)
    test_dir                                 0x68000013   Data           1  exti.o(.data)
    test_count_temp                          0x68000014   Data           1  exti.o(.data)
    send_screen_again                        0x68000016   Data           2  exti.o(.data)
    rtc_wakeup_set                           0x68000018   Data           1  exti.o(.data)
    program_runing                           0x68000019   Data           1  exti.o(.data)
    data_today_need_send                     0x6800001a   Data           1  exti.o(.data)
    open_screen_flag                         0x6800001b   Data           1  exti.o(.data)
    WWDG_CNT                                 0x6800001c   Data           1  exti.o(.data)
    rtc_wakeup_time                          0x6800001d   Data           1  exti.o(.data)
    req_data_from_serv_continue              0x6800001e   Data           1  exti.o(.data)
    KEY_TYPE                                 0x6800001f   Data           1  exti.o(.data)
    Temp_time_record                         0x68000020   Data           6  exti.o(.data)
    time_record0                             0x68000026   Data           6  exti.o(.data)
    time_record1                             0x6800002c   Data           6  exti.o(.data)
    Time_current                             0x68000032   Data           6  exti.o(.data)
    xx_Temp_time_record                      0x68000038   Data           4  exti.o(.data)
    xx_Time_current                          0x6800003c   Data           4  exti.o(.data)
    Heart_beat_time                          0x68000040   Data           4  exti.o(.data)
    xx_time_record0                          0x68000044   Data           4  exti.o(.data)
    DMA1_Channel1_cnt                        0x68000048   Data           4  exti.o(.data)
    ram_flag                                 0x6800004c   Data           1  exti.o(.data)
    DMA_FLAG                                 0x6800004d   Data           1  exti.o(.data)
    SI_EVENT_FLAG                            0x6800004e   Data           1  exti.o(.data)
    time_2_zero                              0x6800004f   Data           1  exti.o(.data)
    heart_beat_flag                          0x68000050   Data           1  exti.o(.data)
    TCP_Link_OK                              0x68000051   Data           1  exti.o(.data)
    TCP_Link_cnt                             0x68000052   Data           2  exti.o(.data)
    Sending                                  0x68000054   Data           1  exti.o(.data)
    SETTLE_WORK_STATE                        0x6800008c   Data           1  dev485task.o(.data)
    measure_start_prepare_count              0x6800008d   Data           1  dev485task.o(.data)
    server_identity_state                    0x6800008e   Data           1  dev485task.o(.data)
    gprs_req_first_date_state                0x6800008f   Data           1  dev485task.o(.data)
    serv_req_date_start_global               0x68000090   Data           4  dev485task.o(.data)
    serv_req_date_end_global                 0x68000094   Data           4  dev485task.o(.data)
    gprs_req_date_start_global               0x68000098   Data           4  dev485task.o(.data)
    serv_req_date_start_verify               0x6800009c   Data           4  dev485task.o(.data)
    serv_req_date_end_verify                 0x680000a0   Data           4  dev485task.o(.data)
    serv_cmd_req_data_start                  0x680000a4   Data           1  dev485task.o(.data)
    gprs_cmd_req_data_start                  0x680000a5   Data           1  dev485task.o(.data)
    gprs_req_first_date_ask                  0x680000a6   Data           1  dev485task.o(.data)
    serv_req_packet_num                      0x680000a7   Data           1  dev485task.o(.data)
    serv_req_packet_last                     0x680000a8   Data           1  dev485task.o(.data)
    first_date_from_server                   0x680000ac   Data           4  dev485task.o(.data)
    first_date_from_server_save              0x680000b0   Data           4  dev485task.o(.data)
    gprs_req_packet_num                      0x680000b4   Data           1  dev485task.o(.data)
    gprs_req_packet_last                     0x680000b5   Data           1  dev485task.o(.data)
    serv_back_req_date_end                   0x680000b8   Data           4  dev485task.o(.data)
    rtc_init_success                         0x680000bc   Data           1  dev485task.o(.data)
    Dev_485                                  0x680000c0   Data           4  dev485task.o(.data)
    dev485_recv_msg                          0x680000c4   Data           4  dev485task.o(.data)
    serv_recvat_msg                          0x680000c8   Data           4  dev485task.o(.data)
    dev485_send_msg                          0x680000cc   Data           4  dev485task.o(.data)
    rtc_set_time                             0x680000d0   Data           7  dev485task.o(.data)
    sleep_time_num                           0x680000d8   Data           2  dev485task.o(.data)
    sleep_time_num_xxx                       0x680000da   Data           2  dev485task.o(.data)
    PA0_wake_up                              0x680000dc   Data           2  dev485task.o(.data)
    xxx                                      0x680000de   Data           1  dev485task.o(.data)
    hard_reset_time                          0x680000df   Data           1  dev485task.o(.data)
    server_identity_ask                      0x680000e0   Data           1  dev485task.o(.data)
    server_today_ask                         0x680000e1   Data           1  dev485task.o(.data)
    server_today_ok                          0x680000e2   Data           1  dev485task.o(.data)
    server_history_ask                       0x680000e3   Data           1  dev485task.o(.data)
    gprs_history_ask                         0x680000e4   Data           1  dev485task.o(.data)
    gprs_req_date_num                        0x680000e5   Data           1  dev485task.o(.data)
    server_end_tcp_ok                        0x680000e6   Data           1  dev485task.o(.data)
    close_screen_count                       0x680000e8   Data           2  dev485task.o(.data)
    enter_stopmode_count                     0x680000ea   Data           2  dev485task.o(.data)
    enter_stopmode_flag                      0x680000ec   Data           1  dev485task.o(.data)
    screen_state                             0x680000ed   Data           1  dev485task.o(.data)
    no_cmd_sleep_start                       0x680000ee   Data           1  dev485task.o(.data)
    no_cmd_sleep_count                       0x680000ef   Data           1  dev485task.o(.data)
    no_cmd_sleep_flag                        0x680000f0   Data           1  dev485task.o(.data)
    yun1                                     0x68000108   Data         124  jlx12864g.o(.data)
    xing1                                    0x68000184   Data         124  jlx12864g.o(.data)
    zhong1                                   0x68000200   Data         124  jlx12864g.o(.data)
    ge1                                      0x6800027c   Data          32  jlx12864g.o(.data)
    qu1                                      0x6800029c   Data          32  jlx12864g.o(.data)
    ming1                                    0x680002bc   Data          32  jlx12864g.o(.data)
    chuan1                                   0x680002dc   Data          32  jlx12864g.o(.data)
    qi1                                      0x680002fc   Data          32  jlx12864g.o(.data)
    yan1                                     0x6800031c   Data          32  jlx12864g.o(.data)
    chang1                                   0x6800033c   Data          32  jlx12864g.o(.data)
    zhe1                                     0x6800035c   Data          32  jlx12864g.o(.data)
    wang1                                    0x6800037c   Data          32  jlx12864g.o(.data)
    fei1                                     0x6800039c   Data          32  jlx12864g.o(.data)
    mao_hao                                  0x680003bc   Data          16  jlx12864g.o(.data)
    bmp_12864_1                              0x680003cc   Data        1024  jlx12864g.o(.data)
    bmp_12864_2                              0x680007cc   Data        1024  jlx12864g.o(.data)
    bmp_12864_3                              0x68000bcc   Data        1024  jlx12864g.o(.data)
    bmp_12864_4                              0x68000fcc   Data        1024  jlx12864g.o(.data)
    bmp_12864_5                              0x680013cc   Data        1024  jlx12864g.o(.data)
    bmp_12864_6                              0x680017cc   Data        1024  jlx12864g.o(.data)
    jiong1                                   0x68001bcc   Data          32  jlx12864g.o(.data)
    lei1                                     0x68001bec   Data          32  jlx12864g.o(.data)
    fontaddr                                 0x68001c0c   Data           4  jlx12864g.o(.data)
    a1                                       0x68001c10   Data           4  lcmtask.o(.data)
    a2                                       0x68001c14   Data           4  lcmtask.o(.data)
    a3                                       0x68001c18   Data           4  lcmtask.o(.data)
    a4                                       0x68001c1c   Data           4  lcmtask.o(.data)
    b1                                       0x68001c20   Data           4  lcmtask.o(.data)
    b2                                       0x68001c24   Data           4  lcmtask.o(.data)
    b3                                       0x68001c28   Data           4  lcmtask.o(.data)
    b4                                       0x68001c2c   Data           4  lcmtask.o(.data)
    SET_STATUS                               0x68001c30   Data           1  lcmtask.o(.data)
    MainMenu                                 0x68001c34   Data          88  lcmtask.o(.data)
    searchMenu                               0x68001c8c   Data          88  lcmtask.o(.data)
    currentMenu                              0x68001ce4   Data           4  lcmtask.o(.data)
    RS_232_Dev                               0x68001ce8   Data           4  rs232task.o(.data)
    data                                     0x68001cec   Data           4  rs232task.o(.data)
    rs232_recv_msg                           0x68001cf0   Data           4  rs232task.o(.data)
    rs232_send_msg                           0x68001cf4   Data           4  rs232task.o(.data)
    sim_state                                0x68001d08   Data           4  tcptask.o(.data)
    MODULE_SET                               0x68001d0c   Data           6  tcptask.o(.data)
    SCREEN_MEASURE                           0x68001d14   Data           8  tcptask.o(.data)
    SCREEN_STATE                             0x68001d1c   Data           1  tcptask.o(.data)
    STANDBY_ENTER_MODE                       0x68001d1d   Data           1  tcptask.o(.data)
    measure_working                          0x68001d1e   Data           1  tcptask.o(.data)
    screen_set_updata                        0x68001d1f   Data           1  tcptask.o(.data)
    screen_standard_updata                   0x68001d20   Data           1  tcptask.o(.data)
    set_current_standard_updata              0x68001d21   Data           1  tcptask.o(.data)
    measure_start_prepare_flag               0x68001d22   Data           1  tcptask.o(.data)
    cpap_j                                   0x68001d23   Data           1  tcptask.o(.data)
    tcp_recv_msg                             0x68001d24   Data           4  tcptask.o(.data)
    tcp_send_msg                             0x68001d28   Data           4  tcptask.o(.data)
    XX                                       0x68001d3a   Data           5  usart.o(.data)
    osThreadId_osTimerThread                 0x68001d44   Data           4  rtx_conf_cm.o(.data)
    osMessageQId_osTimerMessageQ             0x68001d48   Data           4  rtx_conf_cm.o(.data)
    os_tmr                                   0x68001d4c   Data           4  rtx_conf_cm.o(.data)
    m_tmr                                    0x68001d50   Data           4  rtx_conf_cm.o(.data)
    os_thread_def_main                       0x68001d58   Data          16  rtx_conf_cm.o(.data)
    os_semaphore_cb_UART1_Semaphore          0x68001d80   Data           8  uart_stm32f10x.o(.data)
    os_semaphore_cb_USART3_Semaphore         0x68001d88   Data           8  uart_stm32f10x.o(.data)
    os_initialized                           0x68001da4   Data           1  rt_cmsis.o(.data)
    os_running                               0x68001da5   Data           1  rt_cmsis.o(.data)
    os_timer_head                            0x68001da8   Data           4  rt_cmsis.o(.data)
    os_tsk                                   0x68001dac   Data           8  rt_task.o(.data)
    os_tick_irqn                             0x68001db8   Data           4  rt_system.o(.data)
    os_time                                  0x68001dbc   Data           4  rt_time.o(.data)
    os_robin                                 0x68001dc0   Data           8  rt_robin.o(.data)
    dbg_msg                                  0x68001dc8   Data           1  hal_cm.o(.data)
    gateway_dev                              0x68001dcc   Data          96  main.o(.bss)
    cmd_respond                              0x68001e2c   Data         100  main.o(.bss)
    temp_set                                 0x68001e90   Data          48  main.o(.bss)
    screen_set                               0x68001ec0   Data          28  main.o(.bss)
    encoder_count1                           0x68001edc   Data          40  exti.o(.bss)
    encoder_count0                           0x68001f04   Data          40  exti.o(.bss)
    encoder_count_ave                        0x68001f2c   Data          40  exti.o(.bss)
    ADCValueTemp0                            0x68001f54   Data       120000  exti.o(.bss)
    Tcp_send_Data                            0x6801f414   Data        1200  exti.o(.bss)
    Tcp_Link_test                            0x6801f8c4   Data          20  exti.o(.bss)
    ADCConvertedValue                        0x6801f8d8   Data       120000  adctest.o(.bss)
    serv_tcp_data                            0x6803cd98   Data         802  dev485task.o(.bss)
    AT_recv_buffer                           0x6803d0ba   Data          71  dev485task.o(.bss)
    dev485_recv_data                         0x6803d101   Data          11  dev485task.o(.bss)
    serv_data_gprs                           0x6803d10c   Data          16  dev485task.o(.bss)
    gprs_cmd_serv                            0x6803d11c   Data          78  dev485task.o(.bss)
    gprs_req_history_data_package            0x6803d16a   Data          23  dev485task.o(.bss)
    os_messageQ_q_dev485_recv_msg            0x6803d184   Data          48  dev485task.o(.bss)
    os_messageQ_q_serv_recvat_msg            0x6803d1b4   Data          44  dev485task.o(.bss)
    os_messageQ_q_dev485_send_msg            0x6803d1e0   Data          48  dev485task.o(.bss)
    time_temp                                0x6803d210   Data          50  dev485task.o(.bss)
    stra1                                    0x6803d2b4   Data          20  lcmtask.o(.bss)
    stra3                                    0x6803d2c8   Data          20  lcmtask.o(.bss)
    strb1                                    0x6803d2dc   Data          20  lcmtask.o(.bss)
    strb2                                    0x6803d2f0   Data          20  lcmtask.o(.bss)
    strb3                                    0x6803d304   Data          20  lcmtask.o(.bss)
    LCM_SET                                  0x6803d318   Data          24  lcmtask.o(.bss)
    recv_return_flag                         0x6803d330   Data         100  rs232task.o(.bss)
    send_unit_ID                             0x6803d394   Data         100  rs232task.o(.bss)
    send_constant_ID                         0x6803d3f8   Data         100  rs232task.o(.bss)
    recv_constant_flag                       0x6803d45c   Data         100  rs232task.o(.bss)
    recv_4A_flag                             0x6803d4c0   Data         100  rs232task.o(.bss)
    recv_5A_flag                             0x6803d524   Data         100  rs232task.o(.bss)
    recv_6A_flag                             0x6803d588   Data         100  rs232task.o(.bss)
    recv_7A_flag                             0x6803d5ec   Data         100  rs232task.o(.bss)
    rs232_recv_buffer                        0x6803d650   Data         502  rs232task.o(.bss)
    os_messageQ_q_rs232_recv_msg             0x6803d848   Data          48  rs232task.o(.bss)
    os_messageQ_q_rs232_send_msg             0x6803d878   Data          44  rs232task.o(.bss)
    SCREEN_SET                               0x6803d914   Data         360  tcptask.o(.bss)
    SCREEN_DATA                              0x6803da7c   Data         144  tcptask.o(.bss)
    SCREEN_DATA_Temp                         0x6803db0c   Data         144  tcptask.o(.bss)
    cpap_data                                0x6803db9c   Data        1202  tcptask.o(.bss)
    TCP_clear_data                           0x6803e04e   Data        3510  tcptask.o(.bss)
    SCREEN_recv_buffer                       0x6803ee04   Data          11  tcptask.o(.bss)
    flash_temp                               0x6803ee10   Data        2048  tcptask.o(.bss)
    Tcp_Ask_cmd                              0x6803f610   Data          20  tcptask.o(.bss)
    os_messageQ_q_tcp_recv_msg               0x6803f624   Data          56  tcptask.o(.bss)
    os_messageQ_q_tcp_send_msg               0x6803f65c   Data          48  tcptask.o(.bss)
    mp_tcb                                   0x6803f728   Data         584  rtx_conf_cm.o(.bss)
    mp_stk                                   0x6803f970   Data       20496  rtx_conf_cm.o(.bss)
    os_stack_mem                             0x68044980   Data        2280  rtx_conf_cm.o(.bss)
    os_fifo                                  0x68045268   Data         132  rtx_conf_cm.o(.bss)
    os_active_TCB                            0x680452ec   Data          44  rtx_conf_cm.o(.bss)
    os_messageQ_q_osTimerMessageQ            0x68045318   Data          32  rtx_conf_cm.o(.bss)
    os_mutex_cb_UART1_Mutex_write            0x680457d8   Data          16  uart_stm32f10x.o(.bss)
    os_mutex_cb_UART1_Mutex_read             0x680457e8   Data          16  uart_stm32f10x.o(.bss)
    UART1_Buffer                             0x680457f8   Data        2048  uart_stm32f10x.o(.bss)
    os_mutex_cb_USART3_Mutex_write           0x68046024   Data          16  uart_stm32f10x.o(.bss)
    os_mutex_cb_USART3_Mutex_read            0x68046034   Data          16  uart_stm32f10x.o(.bss)
    UART3_Buffer                             0x68046044   Data         256  uart_stm32f10x.o(.bss)
    os_idle_TCB                              0x68046170   Data          52  rt_task.o(.bss)
    os_rdy                                   0x680461a4   Data          24  rt_list.o(.bss)
    os_dly                                   0x680461bc   Data          24  rt_list.o(.bss)
    __libspace_start                         0x680461d4   Data          96  libspace.o(.bss)
    __temporary_stack_top$libspace           0x68046234   Data           0  libspace.o(.bss)



==============================================================================

Memory Map of the image

  Image Entry point : 0x08000131

  Load Region LR_IROM1 (Base: 0x08000000, Size: 0x0000bae8, Max: 0x00080000, ABSOLUTE, COMPRESSED[0x0000a458])

    Execution Region ER_IROM1 (Base: 0x08000000, Size: 0x00009d1c, Max: 0x00080000, ABSOLUTE)

    Base Addr    Size         Type   Attr      Idx    E Section Name        Object

    0x08000000   0x00000130   Data   RO         4394    RESET               startup_stm32f10x_hd.o
    0x08000130   0x00000008   Code   RO         6072  * !!!main             c_w.l(__main.o)
    0x08000138   0x00000034   Code   RO         6353    !!!scatter          c_w.l(__scatter.o)
    0x0800016c   0x0000005a   Code   RO         6351    !!dczerorl2         c_w.l(__dczerorl2.o)
    0x080001c6   0x00000002   PAD
    0x080001c8   0x0000001c   Code   RO         6355    !!handler_zi        c_w.l(__scatter_zi.o)
    0x080001e4   0x00000000   Code   RO         6052    .ARM.Collect$$_printf_percent$$00000000  c_w.l(_printf_percent.o)
    0x080001e4   0x00000006   Code   RO         6051    .ARM.Collect$$_printf_percent$$00000003  c_w.l(_printf_f.o)
    0x080001ea   0x00000006   Code   RO         6050    .ARM.Collect$$_printf_percent$$00000009  c_w.l(_printf_d.o)
    0x080001f0   0x00000006   Code   RO         6049    .ARM.Collect$$_printf_percent$$00000014  c_w.l(_printf_s.o)
    0x080001f6   0x00000004   Code   RO         6144    .ARM.Collect$$_printf_percent$$00000017  c_w.l(_printf_percent_end.o)
    0x080001fa   0x00000002   Code   RO         6071    .ARM.Collect$$libinit$$00000000  c_w.l(libinit.o)
    0x080001fc   0x00000000   Code   RO         6150    .ARM.Collect$$libinit$$00000002  c_w.l(libinit2.o)
    0x080001fc   0x00000000   Code   RO         6152    .ARM.Collect$$libinit$$00000004  c_w.l(libinit2.o)
    0x080001fc   0x00000008   Code   RO         6153    .ARM.Collect$$libinit$$00000005  c_w.l(libinit2.o)
    0x08000204   0x00000000   Code   RO         6155    .ARM.Collect$$libinit$$0000000A  c_w.l(libinit2.o)
    0x08000204   0x00000000   Code   RO         6157    .ARM.Collect$$libinit$$0000000C  c_w.l(libinit2.o)
    0x08000204   0x00000000   Code   RO         6159    .ARM.Collect$$libinit$$0000000E  c_w.l(libinit2.o)
    0x08000204   0x00000006   Code   RO         6160    .ARM.Collect$$libinit$$0000000F  c_w.l(libinit2.o)
    0x0800020a   0x00000000   Code   RO         6162    .ARM.Collect$$libinit$$00000011  c_w.l(libinit2.o)
    0x0800020a   0x00000000   Code   RO         6164    .ARM.Collect$$libinit$$00000013  c_w.l(libinit2.o)
    0x0800020a   0x00000000   Code   RO         6166    .ARM.Collect$$libinit$$00000015  c_w.l(libinit2.o)
    0x0800020a   0x0000000a   Code   RO         6167    .ARM.Collect$$libinit$$00000016  c_w.l(libinit2.o)
    0x08000214   0x00000000   Code   RO         6168    .ARM.Collect$$libinit$$00000017  c_w.l(libinit2.o)
    0x08000214   0x00000000   Code   RO         6170    .ARM.Collect$$libinit$$00000019  c_w.l(libinit2.o)
    0x08000214   0x00000000   Code   RO         6172    .ARM.Collect$$libinit$$0000001B  c_w.l(libinit2.o)
    0x08000214   0x00000000   Code   RO         6174    .ARM.Collect$$libinit$$0000001D  c_w.l(libinit2.o)
    0x08000214   0x00000000   Code   RO         6176    .ARM.Collect$$libinit$$0000001F  c_w.l(libinit2.o)
    0x08000214   0x00000000   Code   RO         6178    .ARM.Collect$$libinit$$00000021  c_w.l(libinit2.o)
    0x08000214   0x00000000   Code   RO         6180    .ARM.Collect$$libinit$$00000023  c_w.l(libinit2.o)
    0x08000214   0x00000000   Code   RO         6182    .ARM.Collect$$libinit$$00000025  c_w.l(libinit2.o)
    0x08000214   0x00000000   Code   RO         6186    .ARM.Collect$$libinit$$0000002C  c_w.l(libinit2.o)
    0x08000214   0x00000000   Code   RO         6188    .ARM.Collect$$libinit$$0000002E  c_w.l(libinit2.o)
    0x08000214   0x00000000   Code   RO         6190    .ARM.Collect$$libinit$$00000030  c_w.l(libinit2.o)
    0x08000214   0x00000000   Code   RO         6192    .ARM.Collect$$libinit$$00000032  c_w.l(libinit2.o)
    0x08000214   0x00000002   Code   RO         6193    .ARM.Collect$$libinit$$00000033  c_w.l(libinit2.o)
    0x08000216   0x00000002   Code   RO         6304    .ARM.Collect$$libshutdown$$00000000  c_w.l(libshutdown.o)
    0x08000218   0x00000000   Code   RO         6314    .ARM.Collect$$libshutdown$$00000002  c_w.l(libshutdown2.o)
    0x08000218   0x00000000   Code   RO         6316    .ARM.Collect$$libshutdown$$00000004  c_w.l(libshutdown2.o)
    0x08000218   0x00000000   Code   RO         6319    .ARM.Collect$$libshutdown$$00000007  c_w.l(libshutdown2.o)
    0x08000218   0x00000000   Code   RO         6322    .ARM.Collect$$libshutdown$$0000000A  c_w.l(libshutdown2.o)
    0x08000218   0x00000000   Code   RO         6324    .ARM.Collect$$libshutdown$$0000000C  c_w.l(libshutdown2.o)
    0x08000218   0x00000000   Code   RO         6327    .ARM.Collect$$libshutdown$$0000000F  c_w.l(libshutdown2.o)
    0x08000218   0x00000002   Code   RO         6328    .ARM.Collect$$libshutdown$$00000010  c_w.l(libshutdown2.o)
    0x0800021a   0x00000002   Code   RO         6098    .ARM.Collect$$rtexit$$00000000  c_w.l(rtexit.o)
    0x0800021c   0x00000000   Code   RO         6204    .ARM.Collect$$rtexit$$00000002  c_w.l(rtexit2.o)
    0x0800021c   0x00000004   Code   RO         6205    .ARM.Collect$$rtexit$$00000003  c_w.l(rtexit2.o)
    0x08000220   0x00000006   Code   RO         6206    .ARM.Collect$$rtexit$$00000004  c_w.l(rtexit2.o)
    0x08000226   0x00000002   PAD
    0x08000228   0x00000024   Code   RO         1471    .emb_text           rtx_conf_cm.o
    0x0800024c   0x00000130   Code   RO         5935    .emb_text           RTX_CM3.lib(hal_cm3.o)
    0x0800037c   0x00000000   Code   RO         6221    .emb_text           c_w.l(maybetermalloc1.o)
    0x0800037c   0x00000040   Code   RO         4395    .text               startup_stm32f10x_hd.o
    0x080003bc   0x00000008   Code   RO         5950    .text               c_w.l(libspace.o)
    0x080003c4   0x0000004a   Code   RO         5953    .text               c_w.l(sys_stackheap_outer.o)
    0x0800040e   0x0000009e   Code   RO         5963    .text               c_w.l(h1_alloc_mt.o)
    0x080004ac   0x00000076   Code   RO         5965    .text               c_w.l(h1_free_mt.o)
    0x08000522   0x00000002   PAD
    0x08000524   0x00000028   Code   RO         6019    .text               c_w.l(noretval__2sprintf.o)
    0x0800054c   0x0000004e   Code   RO         6023    .text               c_w.l(_printf_pad.o)
    0x0800059a   0x00000052   Code   RO         6025    .text               c_w.l(_printf_str.o)
    0x080005ec   0x00000078   Code   RO         6027    .text               c_w.l(_printf_dec.o)
    0x08000664   0x00000138   Code   RO         6041    .text               c_w.l(__printf_flags_wp.o)
    0x0800079c   0x00000012   Code   RO         6055    .text               c_w.l(exit.o)
    0x080007ae   0x0000008a   Code   RO         6061    .text               c_w.l(rt_memcpy_v6.o)
    0x08000838   0x00000064   Code   RO         6063    .text               c_w.l(rt_memcpy_w.o)
    0x0800089c   0x0000004e   Code   RO         6067    .text               c_w.l(rt_memclr_w.o)
    0x080008ea   0x00000006   Code   RO         6069    .text               c_w.l(heapauxi.o)
    0x080008f0   0x0000000a   Code   RO         6105    .text               c_w.l(rt_heap_descriptor_twolibspace.o)
    0x080008fa   0x00000004   Code   RO         6114    .text               c_w.l(hguard.o)
    0x080008fe   0x0000008a   Code   RO         6116    .text               c_w.l(init_alloc.o)
    0x08000988   0x00000012   Code   RO         6122    .text               c_w.l(h1_init_mt.o)
    0x0800099a   0x000000b2   Code   RO         6134    .text               c_w.l(_printf_intcommon.o)
    0x08000a4c   0x0000041a   Code   RO         6136    .text               c_w.l(_printf_fp_dec.o)
    0x08000e66   0x00000002   PAD
    0x08000e68   0x00000030   Code   RO         6138    .text               c_w.l(_printf_char_common.o)
    0x08000e98   0x0000000a   Code   RO         6140    .text               c_w.l(_sputc.o)
    0x08000ea2   0x0000002c   Code   RO         6142    .text               c_w.l(_printf_char.o)
    0x08000ece   0x0000000a   Code   RO         6217    .text               c_w.l(rt_locale_twolibspace.o)
    0x08000ed8   0x0000003e   Code   RO         6225    .text               c_w.l(h1_extend_mt.o)
    0x08000f16   0x0000008a   Code   RO         6227    .text               c_w.l(lludiv10.o)
    0x08000fa0   0x00000080   Code   RO         6229    .text               c_w.l(_printf_fp_infnan.o)
    0x08001020   0x000000dc   Code   RO         6235    .text               c_w.l(bigflt0.o)
    0x080010fc   0x0000000e   Code   RO         6263    .text               c_w.l(defsig_rtmem_outer.o)
    0x0800110a   0x00000002   PAD
    0x0800110c   0x0000000c   Code   RO         6278    .text               c_w.l(sys_exit.o)
    0x08001118   0x00000002   Code   RO         6280    .text               c_w.l(use_no_semi.o)
    0x0800111a   0x00000000   Code   RO         6282    .text               c_w.l(indicate_semi.o)
    0x0800111a   0x0000000a   Code   RO         6292    .text               c_w.l(defsig_exit.o)
    0x08001124   0x00000050   Code   RO         6294    .text               c_w.l(defsig_rtmem_inner.o)
    0x08001174   0x00000080   Code   RO         6296    .text               c_w.l(strcmpv7m.o)
    0x080011f4   0x00000032   Code   RO         6311    .text               c_w.l(defsig_general.o)
    0x08001226   0x0000000e   Code   RO         6329    .text               c_w.l(sys_wrch.o)
    0x08001234   0x0000003e   Code   RO         6238    CL$$btod_d2e        c_w.l(btod.o)
    0x08001272   0x00000046   Code   RO         6240    CL$$btod_d2e_denorm_low  c_w.l(btod.o)
    0x080012b8   0x00000060   Code   RO         6239    CL$$btod_d2e_norm_op1  c_w.l(btod.o)
    0x08001318   0x00000338   Code   RO         6248    CL$$btod_div_common  c_w.l(btod.o)
    0x08001650   0x000000c6   Code   RO         6245    CL$$btod_e2e        c_w.l(btod.o)
    0x08001716   0x00000028   Code   RO         6242    CL$$btod_ediv       c_w.l(btod.o)
    0x0800173e   0x00000028   Code   RO         6241    CL$$btod_emul       c_w.l(btod.o)
    0x08001766   0x00000244   Code   RO         6247    CL$$btod_mult_common  c_w.l(btod.o)
    0x080019aa   0x00000002   PAD
    0x080019ac   0x00000004   Code   RO         5945    SVC_TABLE           RTX_CM3.lib(svc_table.o)
    0x080019b0   0x00000088   Code   RO          663    i.ADC1_DMA_Init     adctest.o
    0x08001a38   0x00000016   Code   RO         1581    i.ADC_Cmd           stm32f10x_adc.o
    0x08001a4e   0x00000016   Code   RO         1582    i.ADC_DMACmd        stm32f10x_adc.o
    0x08001a64   0x0000005c   Code   RO         1583    i.ADC_DeInit        stm32f10x_adc.o
    0x08001ac0   0x00000016   Code   RO         1586    i.ADC_ExternalTrigConvCmd  stm32f10x_adc.o
    0x08001ad6   0x00000014   Code   RO         1589    i.ADC_GetCalibrationStatus  stm32f10x_adc.o
    0x08001aea   0x00000014   Code   RO         1595    i.ADC_GetResetCalibrationStatus  stm32f10x_adc.o
    0x08001afe   0x00000002   PAD
    0x08001b00   0x00000050   Code   RO         1599    i.ADC_Init          stm32f10x_adc.o
    0x08001b50   0x000000b8   Code   RO         1603    i.ADC_RegularChannelConfig  stm32f10x_adc.o
    0x08001c08   0x0000000a   Code   RO         1604    i.ADC_ResetCalibration  stm32f10x_adc.o
    0x08001c12   0x0000000a   Code   RO         1608    i.ADC_StartCalibration  stm32f10x_adc.o
    0x08001c1c   0x0000002c   Code   RO          667    i.Adc_GPIO_Init     adctest.o
    0x08001c48   0x00000090   Code   RO          668    i.Adc_single_Init   adctest.o
    0x08001cd8   0x0000002a   Code   RO          228    i.BSP_IWDG_Init     common.o
    0x08001d02   0x00000002   PAD
    0x08001d04   0x00000038   Code   RO          781    i.CRC16_MODBUS      dev485task.o
    0x08001d3c   0x00000028   Code   RO         1891    i.DAC_Cmd           stm32f10x_dac.o
    0x08001d64   0x00000034   Code   RO         1896    i.DAC_Init          stm32f10x_dac.o
    0x08001d98   0x00000020   Code   RO         1897    i.DAC_SetChannel1Data  stm32f10x_dac.o
    0x08001db8   0x00000030   Code   RO          535    i.DMA1_Channel1_IRQHandler  exti.o
    0x08001de8   0x00000002   Code   RO         4178    i.DMA1_Channel2_Event  dma_stm32f10x.o
    0x08001dea   0x00000002   PAD
    0x08001dec   0x0000001c   Code   RO         4179    i.DMA1_Channel2_IRQHandler  dma_stm32f10x.o
    0x08001e08   0x00000002   Code   RO         4180    i.DMA1_Channel3_Event  dma_stm32f10x.o
    0x08001e0a   0x00000002   PAD
    0x08001e0c   0x0000001c   Code   RO         4181    i.DMA1_Channel3_IRQHandler  dma_stm32f10x.o
    0x08001e28   0x00000002   Code   RO         4182    i.DMA1_Channel4_Event  dma_stm32f10x.o
    0x08001e2a   0x00000002   PAD
    0x08001e2c   0x0000001c   Code   RO         4183    i.DMA1_Channel4_IRQHandler  dma_stm32f10x.o
    0x08001e48   0x00000002   Code   RO         4184    i.DMA1_Channel5_Event  dma_stm32f10x.o
    0x08001e4a   0x00000002   PAD
    0x08001e4c   0x0000001c   Code   RO         4185    i.DMA1_Channel5_IRQHandler  dma_stm32f10x.o
    0x08001e68   0x00000002   Code   RO         4186    i.DMA1_Channel6_Event  dma_stm32f10x.o
    0x08001e6a   0x00000002   PAD
    0x08001e6c   0x0000001c   Code   RO         4187    i.DMA1_Channel6_IRQHandler  dma_stm32f10x.o
    0x08001e88   0x00000002   Code   RO         4188    i.DMA1_Channel7_Event  dma_stm32f10x.o
    0x08001e8a   0x00000002   PAD
    0x08001e8c   0x0000001c   Code   RO         4189    i.DMA1_Channel7_IRQHandler  dma_stm32f10x.o
    0x08001ea8   0x00000002   Code   RO         4190    i.DMA2_Channel1_Event  dma_stm32f10x.o
    0x08001eaa   0x00000002   PAD
    0x08001eac   0x0000001c   Code   RO         4191    i.DMA2_Channel1_IRQHandler  dma_stm32f10x.o
    0x08001ec8   0x00000002   Code   RO         4192    i.DMA2_Channel2_Event  dma_stm32f10x.o
    0x08001eca   0x00000002   PAD
    0x08001ecc   0x00000020   Code   RO         4193    i.DMA2_Channel2_IRQHandler  dma_stm32f10x.o
    0x08001eec   0x00000002   Code   RO         4194    i.DMA2_Channel3_Event  dma_stm32f10x.o
    0x08001eee   0x00000002   PAD
    0x08001ef0   0x00000020   Code   RO         4195    i.DMA2_Channel3_IRQHandler  dma_stm32f10x.o
    0x08001f10   0x00000038   Code   RO         4196    i.DMA2_Channel4_5_IRQHandler  dma_stm32f10x.o
    0x08001f48   0x00000002   Code   RO         4197    i.DMA2_Channel4_Event  dma_stm32f10x.o
    0x08001f4a   0x00000002   Code   RO         4199    i.DMA2_Channel5_Event  dma_stm32f10x.o
    0x08001f4c   0x00000150   Code   RO         4201    i.DMA_ChannelUninitialize  dma_stm32f10x.o
    0x0800209c   0x0000001c   Code   RO         2010    i.DMA_ClearITPendingBit  stm32f10x_dma.o
    0x080020b8   0x00000018   Code   RO         2011    i.DMA_Cmd           stm32f10x_dma.o
    0x080020d0   0x0000014c   Code   RO         2012    i.DMA_DeInit        stm32f10x_dma.o
    0x0800221c   0x00000008   Code   RO         2013    i.DMA_GetCurrDataCounter  stm32f10x_dma.o
    0x08002224   0x0000002c   Code   RO         2014    i.DMA_GetFlagStatus  stm32f10x_dma.o
    0x08002250   0x00000012   Code   RO         2016    i.DMA_ITConfig      stm32f10x_dma.o
    0x08002262   0x0000003c   Code   RO         2017    i.DMA_Init          stm32f10x_dma.o
    0x0800229e   0x00000002   PAD
    0x080022a0   0x00000064   Code   RO         1265    i.Dac1_Init         dac.o
    0x08002304   0x0000000e   Code   RO         1266    i.Dac1_Set_Vol      dac.o
    0x08002312   0x00000002   PAD
    0x08002314   0x00000058   Code   RO          536    i.EXTI0_IRQHandler  exti.o
    0x0800236c   0x00000028   Code   RO          537    i.EXTI4_IRQHandler  exti.o
    0x08002394   0x0000000c   Code   RO         2089    i.EXTI_ClearFlag    stm32f10x_exti.o
    0x080023a0   0x0000000c   Code   RO         2090    i.EXTI_ClearITPendingBit  stm32f10x_exti.o
    0x080023ac   0x00000028   Code   RO         2094    i.EXTI_GetITStatus  stm32f10x_exti.o
    0x080023d4   0x00000094   Code   RO         2095    i.EXTI_Init         stm32f10x_exti.o
    0x08002468   0x000000e8   Code   RO          538    i.EXTI_init         exti.o
    0x08002550   0x00000038   Code   RO          449    i.Enc_GetCount      encode.o
    0x08002588   0x0000000c   Code   RO         2151    i.FLASH_ClearFlag   stm32f10x_flash.o
    0x08002594   0x0000004c   Code   RO         2156    i.FLASH_ErasePage   stm32f10x_flash.o
    0x080025e0   0x00000034   Code   RO         2157    i.FLASH_GetBank1Status  stm32f10x_flash.o
    0x08002614   0x00000040   Code   RO         2169    i.FLASH_ProgramHalfWord  stm32f10x_flash.o
    0x08002654   0x0000006c   Code   RO         2171    i.FLASH_ProgramWord  stm32f10x_flash.o
    0x080026c0   0x00000018   Code   RO         2174    i.FLASH_Unlock      stm32f10x_flash.o
    0x080026d8   0x00000026   Code   RO         2178    i.FLASH_WaitForLastOperation  stm32f10x_flash.o
    0x080026fe   0x00000002   PAD
    0x08002700   0x00000058   Code   RO         4362    i.GPIO_AFConfigure  gpio_stm32f10x.o
    0x08002758   0x00000040   Code   RO         2464    i.GPIO_EXTILineConfig  stm32f10x_gpio.o
    0x08002798   0x00000116   Code   RO         2467    i.GPIO_Init         stm32f10x_gpio.o
    0x080028ae   0x0000005c   Code   RO         4363    i.GPIO_PinConfigure  gpio_stm32f10x.o
    0x0800290a   0x00000002   PAD
    0x0800290c   0x0000013c   Code   RO         4364    i.GPIO_PortClock    gpio_stm32f10x.o
    0x08002a48   0x00000012   Code   RO         2471    i.GPIO_ReadInputDataBit  stm32f10x_gpio.o
    0x08002a5a   0x00000004   Code   RO         2474    i.GPIO_ResetBits    stm32f10x_gpio.o
    0x08002a5e   0x00000004   Code   RO         2475    i.GPIO_SetBits      stm32f10x_gpio.o
    0x08002a62   0x00000010   Code   RO         2476    i.GPIO_StructInit   stm32f10x_gpio.o
    0x08002a72   0x00000002   PAD
    0x08002a74   0x00000050   Code   RO         1387    i.IIC_Ack           mcp4017.o
    0x08002ac4   0x00000034   Code   RO         1388    i.IIC_Init          mcp4017.o
    0x08002af8   0x00000050   Code   RO         1389    i.IIC_NAck          mcp4017.o
    0x08002b48   0x00000070   Code   RO         1390    i.IIC_Read_Byte     mcp4017.o
    0x08002bb8   0x00000074   Code   RO         1391    i.IIC_Send_Byte     mcp4017.o
    0x08002c2c   0x0000004c   Code   RO         1392    i.IIC_Start         mcp4017.o
    0x08002c78   0x0000004c   Code   RO         1393    i.IIC_Stop          mcp4017.o
    0x08002cc4   0x00000064   Code   RO         1394    i.IIC_Wait_Ack      mcp4017.o
    0x08002d28   0x000000d0   Code   RO          539    i.IO_init           exti.o
    0x08002df8   0x00000010   Code   RO         2795    i.IWDG_Enable       stm32f10x_iwdg.o
    0x08002e08   0x00000010   Code   RO         2797    i.IWDG_ReloadCounter  stm32f10x_iwdg.o
    0x08002e18   0x0000000c   Code   RO         2798    i.IWDG_SetPrescaler  stm32f10x_iwdg.o
    0x08002e24   0x0000000c   Code   RO         2799    i.IWDG_SetReload    stm32f10x_iwdg.o
    0x08002e30   0x0000000c   Code   RO         2800    i.IWDG_WriteAccessCmd  stm32f10x_iwdg.o
    0x08002e3c   0x00000018   Code   RO         1065    i.IsKeyDown_Down    lcmtask.o
    0x08002e54   0x00000018   Code   RO         1066    i.IsKeyDown_Up      lcmtask.o
    0x08002e6c   0x00000008   Code   RO         1395    i.MCP4017_Init      mcp4017.o
    0x08002e74   0x00000022   Code   RO         1396    i.MCP4017_ReadOneByte  mcp4017.o
    0x08002e96   0x00000028   Code   RO         1397    i.MCP4017_WriteOneByte  mcp4017.o
    0x08002ebe   0x00000002   PAD
    0x08002ec0   0x00000018   Code   RO         4448    i.NVIC_ClearPendingIRQ  uart_stm32f10x.o
    0x08002ed8   0x00000018   Code   RO         4203    i.NVIC_DisableIRQ   dma_stm32f10x.o
    0x08002ef0   0x00000070   Code   RO         1531    i.NVIC_Init         misc.o
    0x08002f60   0x00000014   Code   RO         1532    i.NVIC_PriorityGroupConfig  misc.o
    0x08002f74   0x00000014   Code   RO         2846    i.PWR_ClearFlag     stm32f10x_pwr.o
    0x08002f88   0x00000018   Code   RO         2850    i.PWR_GetFlagStatus  stm32f10x_pwr.o
    0x08002fa0   0x00000018   Code   RO         2913    i.RCC_ADCCLKConfig  stm32f10x_rcc.o
    0x08002fb8   0x00000020   Code   RO         2914    i.RCC_AHBPeriphClockCmd  stm32f10x_rcc.o
    0x08002fd8   0x00000020   Code   RO         2915    i.RCC_APB1PeriphClockCmd  stm32f10x_rcc.o
    0x08002ff8   0x00000020   Code   RO         2916    i.RCC_APB1PeriphResetCmd  stm32f10x_rcc.o
    0x08003018   0x00000020   Code   RO         2917    i.RCC_APB2PeriphClockCmd  stm32f10x_rcc.o
    0x08003038   0x00000020   Code   RO         2918    i.RCC_APB2PeriphResetCmd  stm32f10x_rcc.o
    0x08003058   0x000000d4   Code   RO         2925    i.RCC_GetClocksFreq  stm32f10x_rcc.o
    0x0800312c   0x0000000c   Code   RO         2934    i.RCC_LSICmd        stm32f10x_rcc.o
    0x08003138   0x00000080   Code   RO          739    i.RTCAlarm_IRQHandler  rtcdog.o
    0x080031b8   0x00000010   Code   RO         3121    i.RTC_ClearFlag     stm32f10x_rtc.o
    0x080031c8   0x00000010   Code   RO         3122    i.RTC_ClearITPendingBit  stm32f10x_rtc.o
    0x080031d8   0x00000014   Code   RO         3123    i.RTC_EnterConfigMode  stm32f10x_rtc.o
    0x080031ec   0x00000014   Code   RO         3124    i.RTC_ExitConfigMode  stm32f10x_rtc.o
    0x08003200   0x00000014   Code   RO         3125    i.RTC_GetCounter    stm32f10x_rtc.o
    0x08003214   0x00000024   Code   RO         3128    i.RTC_GetITStatus   stm32f10x_rtc.o
    0x08003238   0x0000001c   Code   RO         3130    i.RTC_SetAlarm      stm32f10x_rtc.o
    0x08003254   0x00000014   Code   RO         3133    i.RTC_WaitForLastTask  stm32f10x_rtc.o
    0x08003268   0x00000082   Code   RO          540    i.Recv_msg_Translate  exti.o
    0x080032ea   0x00000002   PAD
    0x080032ec   0x00000054   Code   RO          961    i.SPI1_ReadWriteByte  jlx12864g.o
    0x08003340   0x00000012   Code   RO         3232    i.SPI_I2S_GetFlagStatus  stm32f10x_spi.o
    0x08003352   0x00000006   Code   RO         3235    i.SPI_I2S_ReceiveData  stm32f10x_spi.o
    0x08003358   0x00000004   Code   RO         3236    i.SPI_I2S_SendData  stm32f10x_spi.o
    0x0800335c   0x00000090   Code   RO          541    i.Send_msg_Translate  exti.o
    0x080033ec   0x00000008   Code   RO         4401    i.SetSysClock       system_stm32f10x.o
    0x080033f4   0x000000e0   Code   RO         4402    i.SetSysClockTo72   system_stm32f10x.o
    0x080034d4   0x00000064   Code   RO         4404    i.SystemInit        system_stm32f10x.o
    0x08003538   0x0000007c   Code   RO         4405    i.SystemInit_ExtMemCtl  system_stm32f10x.o
    0x080035b4   0x00000058   Code   RO          544    i.TCP_test          exti.o
    0x0800360c   0x00000080   Code   RO         3371    i.TI1_Config        stm32f10x_tim.o
    0x0800368c   0x00000098   Code   RO         3372    i.TI2_Config        stm32f10x_tim.o
    0x08003724   0x00000090   Code   RO         3373    i.TI3_Config        stm32f10x_tim.o
    0x080037b4   0x00000098   Code   RO         3374    i.TI4_Config        stm32f10x_tim.o
    0x0800384c   0x00000076   Code   RO          671    i.TIM2_Configration  adctest.o
    0x080038c2   0x00000002   PAD
    0x080038c4   0x00000058   Code   RO          545    i.TIM3_IRQHandler   exti.o
    0x0800391c   0x00000060   Code   RO          546    i.TIM3_Int_Init     exti.o
    0x0800397c   0x00000008   Code   RO          450    i.TIM4_Init         encode.o
    0x08003984   0x000000ac   Code   RO          451    i.TIM4_Mode_Config  encode.o
    0x08003a30   0x00000006   Code   RO         3381    i.TIM_ClearFlag     stm32f10x_tim.o
    0x08003a36   0x00000006   Code   RO         3382    i.TIM_ClearITPendingBit  stm32f10x_tim.o
    0x08003a3c   0x00000018   Code   RO         3387    i.TIM_Cmd           stm32f10x_tim.o
    0x08003a54   0x000001e8   Code   RO         3392    i.TIM_DeInit        stm32f10x_tim.o
    0x08003c3c   0x00000042   Code   RO         3396    i.TIM_EncoderInterfaceConfig  stm32f10x_tim.o
    0x08003c7e   0x00000022   Code   RO         3408    i.TIM_GetITStatus   stm32f10x_tim.o
    0x08003ca0   0x000000ac   Code   RO         3410    i.TIM_ICInit        stm32f10x_tim.o
    0x08003d4c   0x00000012   Code   RO         3411    i.TIM_ICStructInit  stm32f10x_tim.o
    0x08003d5e   0x00000012   Code   RO         3412    i.TIM_ITConfig      stm32f10x_tim.o
    0x08003d70   0x0000000c   Code   RO         3414    i.TIM_InternalClockConfig  stm32f10x_tim.o
    0x08003d7c   0x000000a4   Code   RO         3421    i.TIM_OC2Init       stm32f10x_tim.o
    0x08003e20   0x0000001a   Code   RO         3424    i.TIM_OC2PreloadConfig  stm32f10x_tim.o
    0x08003e3a   0x00000012   Code   RO         3453    i.TIM_SetIC1Prescaler  stm32f10x_tim.o
    0x08003e4c   0x0000001a   Code   RO         3454    i.TIM_SetIC2Prescaler  stm32f10x_tim.o
    0x08003e66   0x00000012   Code   RO         3455    i.TIM_SetIC3Prescaler  stm32f10x_tim.o
    0x08003e78   0x0000001a   Code   RO         3456    i.TIM_SetIC4Prescaler  stm32f10x_tim.o
    0x08003e92   0x00000002   PAD
    0x08003e94   0x000000a4   Code   RO         3458    i.TIM_TimeBaseInit  stm32f10x_tim.o
    0x08003f38   0x00000012   Code   RO         3459    i.TIM_TimeBaseStructInit  stm32f10x_tim.o
    0x08003f4a   0x00000018   Code   RO         3460    i.TIM_UpdateDisableConfig  stm32f10x_tim.o
    0x08003f62   0x00000002   PAD
    0x08003f64   0x00000010   Code   RO         4449    i.UART1_ClearComBreak  uart_stm32f10x.o
    0x08003f74   0x0000002c   Code   RO         4450    i.UART1_Configure   uart_stm32f10x.o
    0x08003fa0   0x00000010   Code   RO         4451    i.UART1_DataAvailable  uart_stm32f10x.o
    0x08003fb0   0x00000010   Code   RO         4452    i.UART1_FlushRxBuffer  uart_stm32f10x.o
    0x08003fc0   0x00000010   Code   RO         4453    i.UART1_FlushTxBuffer  uart_stm32f10x.o
    0x08003fd0   0x00000014   Code   RO         4454    i.UART1_GetCapabilities  uart_stm32f10x.o
    0x08003fe4   0x00000018   Code   RO         4455    i.UART1_GetComError  uart_stm32f10x.o
    0x08003ffc   0x00000018   Code   RO         4456    i.UART1_GetModemStatus  uart_stm32f10x.o
    0x08004014   0x00000018   Code   RO         4457    i.UART1_Initialize  uart_stm32f10x.o
    0x0800402c   0x00000014   Code   RO         4458    i.UART1_PowerControl  uart_stm32f10x.o
    0x08004040   0x00000018   Code   RO         4459    i.UART1_ReadData    uart_stm32f10x.o
    0x08004058   0x00000010   Code   RO         4460    i.UART1_SetComBreak  uart_stm32f10x.o
    0x08004068   0x00000014   Code   RO         4461    i.UART1_SetModemControl  uart_stm32f10x.o
    0x0800407c   0x00000014   Code   RO         4462    i.UART1_SetRxThreshold  uart_stm32f10x.o
    0x08004090   0x00000014   Code   RO         4463    i.UART1_SetTxThreshold  uart_stm32f10x.o
    0x080040a4   0x00000010   Code   RO         4464    i.UART1_TxDone      uart_stm32f10x.o
    0x080040b4   0x00000010   Code   RO         4465    i.UART1_Uninitialize  uart_stm32f10x.o
    0x080040c4   0x00000018   Code   RO         4466    i.UART1_WriteData   uart_stm32f10x.o
    0x080040dc   0x00000010   Code   RO         4467    i.UART3_ClearComBreak  uart_stm32f10x.o
    0x080040ec   0x0000002c   Code   RO         4468    i.UART3_Configure   uart_stm32f10x.o
    0x08004118   0x00000010   Code   RO         4469    i.UART3_DataAvailable  uart_stm32f10x.o
    0x08004128   0x00000010   Code   RO         4470    i.UART3_FlushRxBuffer  uart_stm32f10x.o
    0x08004138   0x00000010   Code   RO         4471    i.UART3_FlushTxBuffer  uart_stm32f10x.o
    0x08004148   0x00000014   Code   RO         4472    i.UART3_GetCapabilities  uart_stm32f10x.o
    0x0800415c   0x00000018   Code   RO         4473    i.UART3_GetComError  uart_stm32f10x.o
    0x08004174   0x00000018   Code   RO         4474    i.UART3_GetModemStatus  uart_stm32f10x.o
    0x0800418c   0x00000018   Code   RO         4475    i.UART3_Initialize  uart_stm32f10x.o
    0x080041a4   0x00000014   Code   RO         4476    i.UART3_PowerControl  uart_stm32f10x.o
    0x080041b8   0x00000018   Code   RO         4477    i.UART3_ReadData    uart_stm32f10x.o
    0x080041d0   0x00000010   Code   RO         4478    i.UART3_SetComBreak  uart_stm32f10x.o
    0x080041e0   0x00000014   Code   RO         4479    i.UART3_SetModemControl  uart_stm32f10x.o
    0x080041f4   0x00000014   Code   RO         4480    i.UART3_SetRxThreshold  uart_stm32f10x.o
    0x08004208   0x00000014   Code   RO         4481    i.UART3_SetTxThreshold  uart_stm32f10x.o
    0x0800421c   0x00000010   Code   RO         4482    i.UART3_TxDone      uart_stm32f10x.o
    0x0800422c   0x00000010   Code   RO         4483    i.UART3_Uninitialize  uart_stm32f10x.o
    0x0800423c   0x00000018   Code   RO         4484    i.UART3_WriteData   uart_stm32f10x.o
    0x08004254   0x00000010   Code   RO         4485    i.UARTX_GetVersion  uart_stm32f10x.o
    0x08004264   0x0000001a   Code   RO         4486    i.UART_ClearComBreak  uart_stm32f10x.o
    0x0800427e   0x00000206   Code   RO         4487    i.UART_Configure    uart_stm32f10x.o
    0x08004484   0x0000001e   Code   RO         4488    i.UART_DataAvailable  uart_stm32f10x.o
    0x080044a2   0x000000b2   Code   RO         4489    i.UART_FlushRxBuffer  uart_stm32f10x.o
    0x08004554   0x0000003c   Code   RO         4490    i.UART_FlushTxBuffer  uart_stm32f10x.o
    0x08004590   0x0000000c   Code   RO         4491    i.UART_GetCapabilities  uart_stm32f10x.o
    0x0800459c   0x00000068   Code   RO         4492    i.UART_GetComError  uart_stm32f10x.o
    0x08004604   0x00000010   Code   RO         4493    i.UART_GetModemStatus  uart_stm32f10x.o
    0x08004614   0x00000278   Code   RO         4494    i.UART_IRQHandler   uart_stm32f10x.o
    0x0800488c   0x00000170   Code   RO         4495    i.UART_Initialize   uart_stm32f10x.o
    0x080049fc   0x000000f6   Code   RO         4496    i.UART_PowerControl  uart_stm32f10x.o
    0x08004af2   0x0000014a   Code   RO         4497    i.UART_ReadData     uart_stm32f10x.o
    0x08004c3c   0x0000001a   Code   RO         4498    i.UART_SetComBreak  uart_stm32f10x.o
    0x08004c56   0x0000006a   Code   RO         4499    i.UART_SetModemControl  uart_stm32f10x.o
    0x08004cc0   0x00000014   Code   RO         4500    i.UART_SetRxThreshold  uart_stm32f10x.o
    0x08004cd4   0x00000014   Code   RO         4501    i.UART_SetTxThreshold  uart_stm32f10x.o
    0x08004ce8   0x00000026   Code   RO         4502    i.UART_TxDone       uart_stm32f10x.o
    0x08004d0e   0x00000002   PAD
    0x08004d10   0x00000114   Code   RO         4503    i.UART_Uninitialize  uart_stm32f10x.o
    0x08004e24   0x000000e4   Code   RO         4504    i.UART_WriteData    uart_stm32f10x.o
    0x08004f08   0x00000010   Code   RO         4505    i.USART1_IRQHandler  uart_stm32f10x.o
    0x08004f18   0x000000e8   Code   RO         1350    i.USART2_IRQHandler  usart.o
    0x08005000   0x00000010   Code   RO         4506    i.USART3_IRQHandler  uart_stm32f10x.o
    0x08005010   0x00000012   Code   RO         3927    i.USART_ClearFlag   stm32f10x_usart.o
    0x08005022   0x0000001e   Code   RO         3928    i.USART_ClearITPendingBit  stm32f10x_usart.o
    0x08005040   0x00000018   Code   RO         3931    i.USART_Cmd         stm32f10x_usart.o
    0x08005058   0x0000001a   Code   RO         3934    i.USART_GetFlagStatus  stm32f10x_usart.o
    0x08005072   0x0000004a   Code   RO         3937    i.USART_ITConfig    stm32f10x_usart.o
    0x080050bc   0x000000d8   Code   RO         3938    i.USART_Init        stm32f10x_usart.o
    0x08005194   0x0000000a   Code   RO         3945    i.USART_ReceiveData  stm32f10x_usart.o
    0x0800519e   0x00000008   Code   RO         3948    i.USART_SendData    stm32f10x_usart.o
    0x080051a6   0x00000002   PAD
    0x080051a8   0x000000ac   Code   RO         1351    i.Usart2_Init       usart.o
    0x08005254   0x00000032   Code   RO         1352    i.Usart_SendString  usart.o
    0x08005286   0x00000028   Code   RO         6276    i.__ARM_fpclassify  m_ws.l(fpclassify.o)
    0x080052ae   0x00000046   Code   RO         5834    i._init_box         RTX_CM3.lib(rt_membox.o)
    0x080052f4   0x0000000e   Code   RO         6039    i._is_digit         c_w.l(__printf_wp.o)
    0x08005302   0x00000002   PAD
    0x08005304   0x00000020   Code   RO         1473    i._mutex_acquire    rtx_conf_cm.o
    0x08005324   0x0000002c   Code   RO         1474    i._mutex_initialize  rtx_conf_cm.o
    0x08005350   0x0000001c   Code   RO         1475    i._mutex_release    rtx_conf_cm.o
    0x0800536c   0x0000006c   Code   RO          233    i.all_init          common.o
    0x080053d8   0x00000030   Code   RO          202    i.bg_task           backgrouptask.o
    0x08005408   0x00000048   Code   RO          234    i.cal_serv_crc      common.o
    0x08005450   0x00000048   Code   RO          547    i.cal_serv_crc_N    exti.o
    0x08005498   0x00000020   Code   RO         1163    i.char_2_float      rs232task.o
    0x080054b8   0x0000005c   Code   RO          963    i.clear_screen      jlx12864g.o
    0x08005514   0x000000cc   Code   RO          548    i.copy_task         exti.o
    0x080055e0   0x000001dc   Code   RO          549    i.cycle_send        exti.o
    0x080057bc   0x00000030   Code   RO         5887    i.dbg_init          RTX_CM3.lib(hal_cm.o)
    0x080057ec   0x00000020   Code   RO         5888    i.dbg_task_notify   RTX_CM3.lib(hal_cm.o)
    0x0800580c   0x00000010   Code   RO         5889    i.dbg_task_switch   RTX_CM3.lib(hal_cm.o)
    0x0800581c   0x0000001e   Code   RO         1398    i.delay_us          mcp4017.o
    0x0800583a   0x00000002   PAD
    0x0800583c   0x00000320   Code   RO          787    i.dev485_recv_task  dev485task.o
    0x08005b5c   0x000000cc   Code   RO          788    i.dev485_send_task  dev485task.o
    0x08005c28   0x00000058   Code   RO         1067    i.display           lcmtask.o
    0x08005c80   0x0000017c   Code   RO          964    i.display_GB2312_string  jlx12864g.o
    0x08005dfc   0x00000198   Code   RO          965    i.display_GB2312_string_shanshuo  jlx12864g.o
    0x08005f94   0x00000090   Code   RO          966    i.display_graphic_16x16  jlx12864g.o
    0x08006024   0x00000084   Code   RO          968    i.display_graphic_8x16  jlx12864g.o
    0x080060a8   0x00000080   Code   RO          551    i.electric_task     exti.o
    0x08006128   0x00000024   Code   RO         1068    i.find_number       lcmtask.o
    0x0800614c   0x00000006   Code   RO          240    i.flash_read_data16  common.o
    0x08006152   0x0000003a   Code   RO          243    i.flash_writedata   common.o
    0x0800618c   0x0000003a   Code   RO          244    i.flash_writedata_16  common.o
    0x080061c6   0x00000002   PAD
    0x080061c8   0x00000194   Code   RO         1070    i.func_Baudrate     lcmtask.o
    0x0800635c   0x00000168   Code   RO         1071    i.func_Collection_interval  lcmtask.o
    0x080064c4   0x00000170   Code   RO         1072    i.func_endpoint_num  lcmtask.o
    0x08006634   0x000001d8   Code   RO         1073    i.func_max_value    lcmtask.o
    0x0800680c   0x000001cc   Code   RO         1074    i.func_set_limit    lcmtask.o
    0x080069d8   0x00000054   Code   RO          970    i.get_n_bytes_data_from_ROM  jlx12864g.o
    0x08006a2c   0x0000020c   Code   RO         1075    i.initMenu          lcmtask.o
    0x08006c38   0x0000002c   Code   RO         4767    i.isrMessagePut     RTX_CM3.lib(rt_cmsis.o)
    0x08006c64   0x00000028   Code   RO         5571    i.isr_evt_set       RTX_CM3.lib(rt_event.o)
    0x08006c8c   0x00000050   Code   RO         5689    i.isr_mbx_receive   RTX_CM3.lib(rt_mailbox.o)
    0x08006cdc   0x0000000e   Code   RO         5690    i.isr_mbx_send      RTX_CM3.lib(rt_mailbox.o)
    0x08006cea   0x00000002   PAD
    0x08006cec   0x0000023c   Code   RO         1076    i.lcm_task          lcmtask.o
    0x08006f28   0x0000007c   Code   RO         1295    i.lora_send_task    tcptask.o
    0x08006fa4   0x00000078   Code   RO            3    i.main              main.o
    0x0800701c   0x00000024   Code   RO          251    i.module_default_set  common.o
    0x08007040   0x00000018   Code   RO          252    i.module_set_init   common.o
    0x08007058   0x00000018   Code   RO         4768    i.osDelay           RTX_CM3.lib(rt_cmsis.o)
    0x08007070   0x00000024   Code   RO         4769    i.osKernelInitialize  RTX_CM3.lib(rt_cmsis.o)
    0x08007094   0x00000024   Code   RO         4770    i.osKernelRunning   RTX_CM3.lib(rt_cmsis.o)
    0x080070b8   0x0000006c   Code   RO         4771    i.osKernelStart     RTX_CM3.lib(rt_cmsis.o)
    0x08007124   0x00000030   Code   RO         4779    i.osMessageCreate   RTX_CM3.lib(rt_cmsis.o)
    0x08007154   0x00000044   Code   RO         4780    i.osMessageGet      RTX_CM3.lib(rt_cmsis.o)
    0x08007198   0x00000018   Code   RO         4781    i.osMessagePut      RTX_CM3.lib(rt_cmsis.o)
    0x080071b0   0x00000030   Code   RO         4782    i.osMutexCreate     RTX_CM3.lib(rt_cmsis.o)
    0x080071e0   0x00000018   Code   RO         4783    i.osMutexDelete     RTX_CM3.lib(rt_cmsis.o)
    0x080071f8   0x00000018   Code   RO         4784    i.osMutexRelease    RTX_CM3.lib(rt_cmsis.o)
    0x08007210   0x00000018   Code   RO         4785    i.osMutexWait       RTX_CM3.lib(rt_cmsis.o)
    0x08007228   0x00000030   Code   RO         4790    i.osSemaphoreCreate  RTX_CM3.lib(rt_cmsis.o)
    0x08007258   0x00000018   Code   RO         4791    i.osSemaphoreDelete  RTX_CM3.lib(rt_cmsis.o)
    0x08007270   0x00000018   Code   RO         4794    i.osSignalClear     RTX_CM3.lib(rt_cmsis.o)
    0x08007288   0x00000034   Code   RO         4795    i.osSignalSet       RTX_CM3.lib(rt_cmsis.o)
    0x080072bc   0x00000018   Code   RO         4796    i.osSignalWait      RTX_CM3.lib(rt_cmsis.o)
    0x080072d4   0x00000030   Code   RO         4797    i.osThreadCreate    RTX_CM3.lib(rt_cmsis.o)
    0x08007304   0x00000018   Code   RO         4798    i.osThreadExit      RTX_CM3.lib(rt_cmsis.o)
    0x0800731c   0x00000018   Code   RO         4799    i.osThreadGetId     RTX_CM3.lib(rt_cmsis.o)
    0x08007334   0x0000000c   Code   RO         4804    i.osTimerCall       RTX_CM3.lib(rt_cmsis.o)
    0x08007340   0x0000002c   Code   RO         4809    i.osTimerThread     RTX_CM3.lib(rt_cmsis.o)
    0x0800736c   0x0000001a   Code   RO         1476    i.os_error          rtx_conf_cm.o
    0x08007386   0x00000004   Code   RO         1477    i.os_idle_demon     rtx_conf_cm.o
    0x0800738a   0x00000002   PAD
    0x0800738c   0x00000028   Code   RO         5481    i.os_tick_init      RTX_CM3.lib(rt_system.o)
    0x080073b4   0x00000002   Code   RO         5482    i.os_tick_irqack    RTX_CM3.lib(rt_system.o)
    0x080073b6   0x00000002   PAD
    0x080073b8   0x00000030   Code   RO          452    i.read_encoder_task  encode.o
    0x080073e8   0x00000010   Code   RO          255    i.read_flash2screen  common.o
    0x080073f8   0x00000028   Code   RO          797    i.read_module_userset  dev485task.o
    0x08007420   0x000004d0   Code   RO         1166    i.rs232_recv_task   rs232task.o
    0x080078f0   0x00000090   Code   RO         1167    i.rs232_send_task   rs232task.o
    0x08007980   0x0000001a   Code   RO         5835    i.rt_alloc_box      RTX_CM3.lib(rt_membox.o)
    0x0800799a   0x0000003c   Code   RO         5863    i.rt_alloc_mem      RTX_CM3.lib(rt_memory.o)
    0x080079d6   0x00000002   PAD
    0x080079d8   0x00000038   Code   RO         5366    i.rt_block          RTX_CM3.lib(rt_task.o)
    0x08007a10   0x00000048   Code   RO         5812    i.rt_chk_robin      RTX_CM3.lib(rt_robin.o)
    0x08007a58   0x00000070   Code   RO         5613    i.rt_dec_dly        RTX_CM3.lib(rt_list.o)
    0x08007ac8   0x00000044   Code   RO         5367    i.rt_dispatch       RTX_CM3.lib(rt_task.o)
    0x08007b0c   0x00000006   Code   RO         5779    i.rt_dly_wait       RTX_CM3.lib(rt_time.o)
    0x08007b12   0x00000002   PAD
    0x08007b14   0x0000001c   Code   RO         5572    i.rt_evt_clr        RTX_CM3.lib(rt_event.o)
    0x08007b30   0x00000050   Code   RO         5574    i.rt_evt_psh        RTX_CM3.lib(rt_event.o)
    0x08007b80   0x0000005c   Code   RO         5575    i.rt_evt_set        RTX_CM3.lib(rt_event.o)
    0x08007bdc   0x0000003c   Code   RO         5576    i.rt_evt_wait       RTX_CM3.lib(rt_event.o)
    0x08007c18   0x00000020   Code   RO         5836    i.rt_free_box       RTX_CM3.lib(rt_membox.o)
    0x08007c38   0x00000028   Code   RO         5864    i.rt_free_mem       RTX_CM3.lib(rt_memory.o)
    0x08007c60   0x00000028   Code   RO         5614    i.rt_get_first      RTX_CM3.lib(rt_list.o)
    0x08007c88   0x00000008   Code   RO         4814    i.rt_id2obj         RTX_CM3.lib(rt_cmsis.o)
    0x08007c90   0x00000048   Code   RO         5368    i.rt_init_context   RTX_CM3.lib(rt_task.o)
    0x08007cd8   0x0000001a   Code   RO         5865    i.rt_init_mem       RTX_CM3.lib(rt_memory.o)
    0x08007cf2   0x00000002   PAD
    0x08007cf4   0x00000018   Code   RO         5813    i.rt_init_robin     RTX_CM3.lib(rt_robin.o)
    0x08007d0c   0x00000050   Code   RO         5890    i.rt_init_stack     RTX_CM3.lib(hal_cm.o)
    0x08007d5c   0x00000008   Code   RO         5691    i.rt_mbx_check      RTX_CM3.lib(rt_mailbox.o)
    0x08007d64   0x0000001c   Code   RO         5692    i.rt_mbx_init       RTX_CM3.lib(rt_mailbox.o)
    0x08007d80   0x000000f0   Code   RO         5693    i.rt_mbx_psh        RTX_CM3.lib(rt_mailbox.o)
    0x08007e70   0x00000098   Code   RO         5694    i.rt_mbx_send       RTX_CM3.lib(rt_mailbox.o)
    0x08007f08   0x000000b0   Code   RO         5695    i.rt_mbx_wait       RTX_CM3.lib(rt_mailbox.o)
    0x08007fb8   0x0000003c   Code   RO         4815    i.rt_ms2tick        RTX_CM3.lib(rt_cmsis.o)
    0x08007ff4   0x000000b0   Code   RO         5450    i.rt_mut_delete     RTX_CM3.lib(rt_mutex.o)
    0x080080a4   0x00000010   Code   RO         5451    i.rt_mut_init       RTX_CM3.lib(rt_mutex.o)
    0x080080b4   0x000000d8   Code   RO         5452    i.rt_mut_release    RTX_CM3.lib(rt_mutex.o)
    0x0800818c   0x00000068   Code   RO         5453    i.rt_mut_wait       RTX_CM3.lib(rt_mutex.o)
    0x080081f4   0x0000007c   Code   RO         5485    i.rt_pop_req        RTX_CM3.lib(rt_system.o)
    0x08008270   0x00000020   Code   RO         5486    i.rt_psh_req        RTX_CM3.lib(rt_system.o)
    0x08008290   0x00000058   Code   RO         5616    i.rt_psq_enq        RTX_CM3.lib(rt_list.o)
    0x080082e8   0x00000048   Code   RO         5617    i.rt_put_dly        RTX_CM3.lib(rt_list.o)
    0x08008330   0x00000036   Code   RO         5618    i.rt_put_prio       RTX_CM3.lib(rt_list.o)
    0x08008366   0x00000002   PAD
    0x08008368   0x00000014   Code   RO         5619    i.rt_put_rdy_first  RTX_CM3.lib(rt_list.o)
    0x0800837c   0x00000034   Code   RO         5620    i.rt_resort_prio    RTX_CM3.lib(rt_list.o)
    0x080083b0   0x00000006   Code   RO         5891    i.rt_ret_val        RTX_CM3.lib(hal_cm.o)
    0x080083b6   0x00000008   Code   RO         5892    i.rt_ret_val2       RTX_CM3.lib(hal_cm.o)
    0x080083be   0x00000028   Code   RO         5621    i.rt_rmv_dly        RTX_CM3.lib(rt_list.o)
    0x080083e6   0x00000002   PAD
    0x080083e8   0x00000030   Code   RO         5622    i.rt_rmv_list       RTX_CM3.lib(rt_list.o)
    0x08008418   0x0000005c   Code   RO         5738    i.rt_sem_delete     RTX_CM3.lib(rt_semaphore.o)
    0x08008474   0x0000000c   Code   RO         5739    i.rt_sem_init       RTX_CM3.lib(rt_semaphore.o)
    0x08008480   0x00000034   Code   RO         5740    i.rt_sem_psh        RTX_CM3.lib(rt_semaphore.o)
    0x080084b4   0x00000024   Code   RO         5488    i.rt_stk_check      RTX_CM3.lib(rt_system.o)
    0x080084d8   0x00000028   Code   RO         5369    i.rt_switch_req     RTX_CM3.lib(rt_task.o)
    0x08008500   0x0000010c   Code   RO         5370    i.rt_sys_init       RTX_CM3.lib(rt_task.o)
    0x0800860c   0x00000034   Code   RO         5371    i.rt_sys_start      RTX_CM3.lib(rt_task.o)
    0x08008640   0x00000040   Code   RO         5490    i.rt_systick        RTX_CM3.lib(rt_system.o)
    0x08008680   0x00000012   Code   RO         4816    i.rt_tid2ptcb       RTX_CM3.lib(rt_cmsis.o)
    0x08008692   0x00000002   PAD
    0x08008694   0x00000038   Code   RO         4817    i.rt_timer_insert   RTX_CM3.lib(rt_cmsis.o)
    0x080086cc   0x00000084   Code   RO         5372    i.rt_tsk_create     RTX_CM3.lib(rt_task.o)
    0x08008750   0x00000174   Code   RO         5373    i.rt_tsk_delete     RTX_CM3.lib(rt_task.o)
    0x080088c4   0x0000007c   Code   RO         5375    i.rt_tsk_prio       RTX_CM3.lib(rt_task.o)
    0x08008940   0x00000010   Code   RO         5376    i.rt_tsk_self       RTX_CM3.lib(rt_task.o)
    0x08008950   0x00000062   Code   RO         1077    i.set_number        lcmtask.o
    0x080089b2   0x00000014   Code   RO         4819    i.svcDelay          RTX_CM3.lib(rt_cmsis.o)
    0x080089c6   0x00000002   PAD
    0x080089c8   0x00000070   Code   RO         4820    i.svcKernelInitialize  RTX_CM3.lib(rt_cmsis.o)
    0x08008a38   0x0000000c   Code   RO         4821    i.svcKernelRunning  RTX_CM3.lib(rt_cmsis.o)
    0x08008a44   0x00000038   Code   RO         4822    i.svcKernelStart    RTX_CM3.lib(rt_cmsis.o)
    0x08008a7c   0x00000024   Code   RO         4825    i.svcMessageCreate  RTX_CM3.lib(rt_cmsis.o)
    0x08008aa0   0x0000003a   Code   RO         4826    i.svcMessageGet     RTX_CM3.lib(rt_cmsis.o)
    0x08008ada   0x00000036   Code   RO         4827    i.svcMessagePut     RTX_CM3.lib(rt_cmsis.o)
    0x08008b10   0x0000001c   Code   RO         4828    i.svcMutexCreate    RTX_CM3.lib(rt_cmsis.o)
    0x08008b2c   0x0000001a   Code   RO         4829    i.svcMutexDelete    RTX_CM3.lib(rt_cmsis.o)
    0x08008b46   0x00000022   Code   RO         4830    i.svcMutexRelease   RTX_CM3.lib(rt_cmsis.o)
    0x08008b68   0x00000036   Code   RO         4831    i.svcMutexWait      RTX_CM3.lib(rt_cmsis.o)
    0x08008b9e   0x00000024   Code   RO         4833    i.svcSemaphoreCreate  RTX_CM3.lib(rt_cmsis.o)
    0x08008bc2   0x0000001a   Code   RO         4834    i.svcSemaphoreDelete  RTX_CM3.lib(rt_cmsis.o)
    0x08008bdc   0x00000024   Code   RO         4837    i.svcSignalClear    RTX_CM3.lib(rt_cmsis.o)
    0x08008c00   0x00000024   Code   RO         4838    i.svcSignalSet      RTX_CM3.lib(rt_cmsis.o)
    0x08008c24   0x00000054   Code   RO         4839    i.svcSignalWait     RTX_CM3.lib(rt_cmsis.o)
    0x08008c78   0x00000070   Code   RO         4840    i.svcThreadCreate   RTX_CM3.lib(rt_cmsis.o)
    0x08008ce8   0x0000001c   Code   RO         4841    i.svcThreadGetId    RTX_CM3.lib(rt_cmsis.o)
    0x08008d04   0x00000038   Code   RO         4844    i.svcThreadTerminate  RTX_CM3.lib(rt_cmsis.o)
    0x08008d3c   0x00000018   Code   RO         4846    i.svcTimerCall      RTX_CM3.lib(rt_cmsis.o)
    0x08008d54   0x00000054   Code   RO         4855    i.sysTimerTick      RTX_CM3.lib(rt_cmsis.o)
    0x08008da8   0x00000248   Code   RO         1297    i.tcp_recv_task     tcptask.o
    0x08008ff0   0x00000164   Code   RO          552    i.tcp_send_task     exti.o
    0x08009154   0x00000050   Code   RO          972    i.transfer_command_lcd  jlx12864g.o
    0x080091a4   0x00000050   Code   RO          973    i.transfer_data_lcd  jlx12864g.o
    0x080091f4   0x0000002c   Code   RO         6261    locale$$code        c_w.l(lc_numeric_c.o)
    0x08009220   0x0000000c   Code   RO         6194    x$fpl$dretinf       fz_ws.l(dretinf.o)
    0x0800922c   0x00000056   Code   RO         6074    x$fpl$f2d           fz_ws.l(f2d.o)
    0x08009282   0x00000002   PAD
    0x08009284   0x00000184   Code   RO         6077    x$fpl$fdiv          fz_ws.l(fdiv.o)
    0x08009408   0x00000036   Code   RO         6080    x$fpl$ffix          fz_ws.l(ffix.o)
    0x0800943e   0x00000002   PAD
    0x08009440   0x0000003e   Code   RO         6084    x$fpl$ffixu         fz_ws.l(ffixu.o)
    0x0800947e   0x00000002   PAD
    0x08009480   0x00000030   Code   RO         6089    x$fpl$fflt          fz_ws.l(fflt_clz.o)
    0x080094b0   0x00000102   Code   RO         6094    x$fpl$fmul          fz_ws.l(fmul.o)
    0x080095b2   0x0000008c   Code   RO         6196    x$fpl$fnaninf       fz_ws.l(fnaninf.o)
    0x0800963e   0x0000000a   Code   RO         6198    x$fpl$fretinf       fz_ws.l(fretinf.o)
    0x08009648   0x00000004   Code   RO         6096    x$fpl$printf1       fz_ws.l(printf1.o)
    0x0800964c   0x00000000   Code   RO         6200    x$fpl$usenofp       fz_ws.l(usenofp.o)
    0x0800964c   0x000000c0   Data   RO            5    .constdata          main.o
    0x0800970c   0x0000021d   Data   RO          808    .constdata          dev485task.o
    0x08009929   0x00000003   PAD
    0x0800992c   0x00000010   Data   RO         1169    .constdata          rs232task.o
    0x0800993c   0x00000010   Data   RO         1299    .constdata          tcptask.o
    0x0800994c   0x00000056   Data   RO         1479    .constdata          rtx_conf_cm.o
    0x080099a2   0x00000002   PAD
    0x080099a4   0x000001ac   Data   RO         4508    .constdata          uart_stm32f10x.o
    0x08009b50   0x00000011   Data   RO         6042    .constdata          c_w.l(__printf_flags_wp.o)
    0x08009b61   0x00000003   PAD
    0x08009b64   0x00000094   Data   RO         6236    .constdata          c_w.l(bigflt0.o)
    0x08009bf8   0x000000e5   Data   RO         1079    .conststring        lcmtask.o
    0x08009cdd   0x00000003   PAD
    0x08009ce0   0x00000020   Data   RO         6349    Region$$Table       anon$$obj.o
    0x08009d00   0x0000001c   Data   RO         6260    locale$$data        c_w.l(lc_numeric_c.o)


    Execution Region RW_IRAM1 (Base: 0x20000000, Size: 0x00000000, Max: 0x00010000, ABSOLUTE)

    **** No section assigned to this execution region ****


    Execution Region RW_RAM1 (Base: 0x68000000, Size: 0x00046838, Max: 0x00100000, ABSOLUTE, COMPRESSED[0x0000073c])

    Base Addr    Size         Type   Attr      Idx    E Section Name        Object

    0x68000000   0x00000008   Data   RW          453    .data               encode.o
    0x68000008   0x00000084   Data   RW          554    .data               exti.o
    0x6800008c   0x0000007c   Data   RW          809    .data               dev485task.o
    0x68000108   0x00001b08   Data   RW          974    .data               jlx12864g.o
    0x68001c10   0x000000d8   Data   RW         1080    .data               lcmtask.o
    0x68001ce8   0x0000001e   Data   RW         1170    .data               rs232task.o
    0x68001d06   0x00000002   PAD
    0x68001d08   0x00000032   Data   RW         1300    .data               tcptask.o
    0x68001d3a   0x00000009   Data   RW         1354    .data               usart.o
    0x68001d43   0x00000001   PAD
    0x68001d44   0x00000024   Data   RW         1480    .data               rtx_conf_cm.o
    0x68001d68   0x00000014   Data   RW         2945    .data               stm32f10x_rcc.o
    0x68001d7c   0x00000002   Data   RW         4205    .data               dma_stm32f10x.o
    0x68001d7e   0x00000002   PAD
    0x68001d80   0x00000024   Data   RW         4509    .data               uart_stm32f10x.o
    0x68001da4   0x00000008   Data   RW         4858    .data               RTX_CM3.lib(rt_cmsis.o)
    0x68001dac   0x00000008   Data   RW         5378    .data               RTX_CM3.lib(rt_task.o)
    0x68001db4   0x00000008   Data   RW         5493    .data               RTX_CM3.lib(rt_system.o)
    0x68001dbc   0x00000004   Data   RW         5783    .data               RTX_CM3.lib(rt_time.o)
    0x68001dc0   0x00000008   Data   RW         5814    .data               RTX_CM3.lib(rt_robin.o)
    0x68001dc8   0x00000001   Data   RW         5893    .data               RTX_CM3.lib(hal_cm.o)
    0x68001dc9   0x00000003   PAD
    0x68001dcc   0x00000110   Zero   RW            4    .bss                main.o
    0x68001edc   0x0001d9fc   Zero   RW          553    .bss                exti.o
    0x6801f8d8   0x0001d4c0   Zero   RW          672    .bss                adctest.o
    0x6803cd98   0x0000051a   Zero   RW          807    .bss                dev485task.o
    0x6803d2b2   0x00000002   PAD
    0x6803d2b4   0x0000007c   Zero   RW         1078    .bss                lcmtask.o
    0x6803d330   0x000005e4   Zero   RW         1168    .bss                rs232task.o
    0x6803d914   0x00001dfd   Zero   RW         1298    .bss                tcptask.o
    0x6803f711   0x00000015   Zero   RW         1353    .bss                usart.o
    0x6803f726   0x00000002   PAD
    0x6803f728   0x000060b0   Zero   RW         1478    .bss                rtx_conf_cm.o
    0x680457d8   0x00000998   Zero   RW         4507    .bss                uart_stm32f10x.o
    0x68046170   0x00000034   Zero   RW         5377    .bss                RTX_CM3.lib(rt_task.o)
    0x680461a4   0x00000030   Zero   RW         5623    .bss                RTX_CM3.lib(rt_list.o)
    0x680461d4   0x00000060   Zero   RW         5951    .bss                c_w.l(libspace.o)
    0x68046234   0x00000004   PAD
    0x68046238   0x00000200   Zero   RW         4393    HEAP                startup_stm32f10x_hd.o
    0x68046438   0x00000400   Zero   RW         4392    STACK               startup_stm32f10x_hd.o


==============================================================================

Image component sizes


      Code (inc. data)   RO Data    RW Data    ZI Data      Debug   Object Name

       442         24          0          0     120000       2954   adctest.o
        48          6          0          0          0        514   backgrouptask.o
       420         30          0          0          0       9231   common.o
       114          6          0          0          0       1075   dac.o
      1100         94        541        124       1306      11180   dev485task.o
       698         84          0          2          0      34351   dma_stm32f10x.o
       284         30          0          8          0     221762   encode.o
      2398        230          0        132     121340      15123   exti.o
       496         42          0          0          0       2636   gpio_stm32f10x.o
      1484         68          0       6920          0       8701   jlx12864g.o
      3430        398        229        216        124      10322   lcmtask.o
       120         22        192          0        272     322439   main.o
       804        100          0          0          0       6293   mcp4017.o
       132         22          0          0          0       1691   misc.o
      1408        108         16         30       1508       6520   rs232task.o
       128         16          0          0          0        538   rtcdog.o
       170         28         86         36      24752       9760   rtx_conf_cm.o
        64         26        304          0       1536        816   startup_stm32f10x_hd.o
       482         24          0          0          0       8397   stm32f10x_adc.o
       124         18          0          0          0       2595   stm32f10x_dac.o
       514         26          0          0          0       6030   stm32f10x_dma.o
       212         24          0          0          0       2833   stm32f10x_exti.o
       374         36          0          0          0       5899   stm32f10x_flash.o
       384          4          0          0          0       5084   stm32f10x_gpio.o
        68         30          0          0          0       2642   stm32f10x_iwdg.o
        44         10          0          0          0       1148   stm32f10x_pwr.o
       408         62          0         20          0       7532   stm32f10x_rcc.o
       176         34          0          0          0       4351   stm32f10x_rtc.o
        28          0          0          0          0       2893   stm32f10x_spi.o
      1904        224          0          0          0      15994   stm32f10x_tim.o
       406          6          0          0          0       6957   stm32f10x_usart.o
       456         70          0          0          0       2569   system_stm32f10x.o
       708         88         16         50       7677       6554   tcptask.o
      4058        180        428         36       2456      42094   uart_stm32f10x.o
       454         26          0          9         21       2761   usart.o

    ----------------------------------------------------------------------
     24592       2196       1852       7588     280996     792239   Object Totals
         0          0         32          0          0          0   (incl. Generated)
        52          0          8          5          4          0   (incl. Padding)

    ----------------------------------------------------------------------

      Code (inc. data)   RO Data    RW Data    ZI Data      Debug   Library Member Name

       190         24          0          1          0       2480   hal_cm.o
       304         36          0          0          0        692   hal_cm3.o
      1986        250          0          8          0      39726   rt_cmsis.o
       300         24          0          0          0       2435   rt_event.o
       526         36          0          0         48       6637   rt_list.o
       698         16          0          0          0       3603   rt_mailbox.o
       128          0          0          0          0       1477   rt_membox.o
       126          0          0          0          0       1791   rt_memory.o
       512         20          0          0          0       2285   rt_mutex.o
        96         22          0          8          0        954   rt_robin.o
       156         12          0          0          0       1363   rt_semaphore.o
       298         54          0          8          0       5379   rt_system.o
      1200        174          0          8         52       7929   rt_task.o
         6          0          0          4          0        500   rt_time.o
         4          4          0          0          0        132   svc_table.o
        90          0          0          0          0          0   __dczerorl2.o
         8          0          0          0          0         68   __main.o
       312          4         17          0          0         92   __printf_flags_wp.o
        14          0          0          0          0         68   __printf_wp.o
        52          8          0          0          0          0   __scatter.o
        28          0          0          0          0          0   __scatter_zi.o
        44          0          0          0          0        108   _printf_char.o
        48          6          0          0          0         96   _printf_char_common.o
         6          0          0          0          0          0   _printf_d.o
       120         16          0          0          0         92   _printf_dec.o
         6          0          0          0          0          0   _printf_f.o
      1050          0          0          0          0        216   _printf_fp_dec.o
       128         16          0          0          0         84   _printf_fp_infnan.o
       178          0          0          0          0         88   _printf_intcommon.o
        78          0          0          0          0        108   _printf_pad.o
         0          0          0          0          0          0   _printf_percent.o
         4          0          0          0          0          0   _printf_percent_end.o
         6          0          0          0          0          0   _printf_s.o
        82          0          0          0          0         80   _printf_str.o
        10          0          0          0          0         68   _sputc.o
       220          4        148          0          0         96   bigflt0.o
      1910        128          0          0          0        672   btod.o
        10          0          0          0          0         68   defsig_exit.o
        50          0          0          0          0         88   defsig_general.o
        80         58          0          0          0         76   defsig_rtmem_inner.o
        14          0          0          0          0         80   defsig_rtmem_outer.o
        18          0          0          0          0         80   exit.o
       158          0          0          0          0        128   h1_alloc_mt.o
        62          0          0          0          0         80   h1_extend_mt.o
       118          0          0          0          0        108   h1_free_mt.o
        18          0          0          0          0         84   h1_init_mt.o
         6          0          0          0          0        152   heapauxi.o
         4          0          0          0          0        136   hguard.o
         0          0          0          0          0          0   indicate_semi.o
       138          0          0          0          0        168   init_alloc.o
        44         10         28          0          0         76   lc_numeric_c.o
         2          0          0          0          0          0   libinit.o
        26          0          0          0          0          0   libinit2.o
         2          0          0          0          0          0   libshutdown.o
         2          0          0          0          0          0   libshutdown2.o
         8          4          0          0         96         68   libspace.o
       138          0          0          0          0         80   lludiv10.o
         0          0          0          0          0          0   maybetermalloc1.o
        40          6          0          0          0         84   noretval__2sprintf.o
        10          0          0          0          0         76   rt_heap_descriptor_twolibspace.o
        10          0          0          0          0         76   rt_locale_twolibspace.o
        78          0          0          0          0         80   rt_memclr_w.o
       138          0          0          0          0         68   rt_memcpy_v6.o
       100          0          0          0          0         80   rt_memcpy_w.o
         2          0          0          0          0          0   rtexit.o
        10          0          0          0          0          0   rtexit2.o
       128          0          0          0          0         68   strcmpv7m.o
        12          4          0          0          0         68   sys_exit.o
        74          0          0          0          0         80   sys_stackheap_outer.o
        14          0          0          0          0         76   sys_wrch.o
         2          0          0          0          0         68   use_no_semi.o
        12          0          0          0          0         68   dretinf.o
        86          4          0          0          0         84   f2d.o
       388         76          0          0          0         96   fdiv.o
        54          4          0          0          0         84   ffix.o
        62          4          0          0          0         84   ffixu.o
        48          0          0          0          0         68   fflt_clz.o
       258          4          0          0          0         84   fmul.o
       140          4          0          0          0         84   fnaninf.o
        10          0          0          0          0         68   fretinf.o
         4          0          0          0          0         68   printf1.o
         0          0          0          0          0          0   usenofp.o
        40          0          0          0          0         68   fpclassify.o

    ----------------------------------------------------------------------
     13580       1032        196         40        200      82471   Library Totals
        38          0          3          3          4          0   (incl. Padding)

    ----------------------------------------------------------------------

      Code (inc. data)   RO Data    RW Data    ZI Data      Debug   Library Name

      6530        672          0         37        100      77383   RTX_CM3.lib
      5910        264        193          0         96       4232   c_w.l
      1062         96          0          0          0        788   fz_ws.l
        40          0          0          0          0         68   m_ws.l

    ----------------------------------------------------------------------
     13580       1032        196         40        200      82471   Library Totals

    ----------------------------------------------------------------------

==============================================================================


      Code (inc. data)   RO Data    RW Data    ZI Data      Debug   

     38172       3228       2048       7628     281196     852502   Grand Totals
     38172       3228       2048       1852     281196     852502   ELF Image Totals (compressed)
     38172       3228       2048       1852          0          0   ROM Totals

==============================================================================

    Total RO  Size (Code + RO Data)                40220 (  39.28kB)
    Total RW  Size (RW Data + ZI Data)            288824 ( 282.05kB)
    Total ROM Size (Code + RO Data + RW Data)      42072 (  41.09kB)

==============================================================================

